Archive member included to satisfy reference by file (symbol)

c:/program files (x86)/atollic/truestudio for stm32 9.3.0/armtools/bin/../lib/gcc/arm-atollic-eabi/6.3.1/../../../../arm-atollic-eabi/lib/armv7e-m/fpu\libc.a(lib_a-init.o)
                              Debug/src/startup_stm32f40xx.o (__libc_init_array)
c:/program files (x86)/atollic/truestudio for stm32 9.3.0/armtools/bin/../lib/gcc/arm-atollic-eabi/6.3.1/../../../../arm-atollic-eabi/lib/armv7e-m/fpu\libc.a(lib_a-strlen.o)
                              Debug/src/tiny_printf.o (strlen)
c:/program files (x86)/atollic/truestudio for stm32 9.3.0/armtools/bin/../lib/gcc/arm-atollic-eabi/6.3.1/../../../../arm-atollic-eabi/lib/armv7e-m/fpu\libnosys.a(write.o)
                              Debug/src/tiny_printf.o (_write)
c:/program files (x86)/atollic/truestudio for stm32 9.3.0/armtools/bin/../lib/gcc/arm-atollic-eabi/6.3.1/../../../../arm-atollic-eabi/lib/armv7e-m/fpu\libnosys.a(errno.o)
                              c:/program files (x86)/atollic/truestudio for stm32 9.3.0/armtools/bin/../lib/gcc/arm-atollic-eabi/6.3.1/../../../../arm-atollic-eabi/lib/armv7e-m/fpu\libnosys.a(write.o) (errno)

Allocating common symbols
Common symbol       size              file

errno               0x4               c:/program files (x86)/atollic/truestudio for stm32 9.3.0/armtools/bin/../lib/gcc/arm-atollic-eabi/6.3.1/../../../../arm-atollic-eabi/lib/armv7e-m/fpu\libnosys.a(errno.o)
VGA                 0xc               Debug/Libraries/Device/STM32F4xx/Include/stm32_ub_vga_screen.o
VGA_RAM1            0x12cf0           Debug/Libraries/Device/STM32F4xx/Include/stm32_ub_vga_screen.o

Discarded input sections

 .text          0x00000000        0x0 c:/program files (x86)/atollic/truestudio for stm32 9.3.0/armtools/bin/../lib/gcc/arm-atollic-eabi/6.3.1/armv7e-m/fpu/crti.o
 .data          0x00000000        0x0 c:/program files (x86)/atollic/truestudio for stm32 9.3.0/armtools/bin/../lib/gcc/arm-atollic-eabi/6.3.1/armv7e-m/fpu/crti.o
 .bss           0x00000000        0x0 c:/program files (x86)/atollic/truestudio for stm32 9.3.0/armtools/bin/../lib/gcc/arm-atollic-eabi/6.3.1/armv7e-m/fpu/crti.o
 .data          0x00000000        0x4 c:/program files (x86)/atollic/truestudio for stm32 9.3.0/armtools/bin/../lib/gcc/arm-atollic-eabi/6.3.1/armv7e-m/fpu/crtbegin.o
 .text          0x00000000        0x0 Debug/Libraries/Device/STM32F4xx/Include/stm32_ub_vga_screen.o
 .data          0x00000000        0x0 Debug/Libraries/Device/STM32F4xx/Include/stm32_ub_vga_screen.o
 .bss           0x00000000        0x0 Debug/Libraries/Device/STM32F4xx/Include/stm32_ub_vga_screen.o
 .text          0x00000000        0x0 Debug/Libraries/STM32F4xx_StdPeriph_Driver/src/misc.o
 .data          0x00000000        0x0 Debug/Libraries/STM32F4xx_StdPeriph_Driver/src/misc.o
 .bss           0x00000000        0x0 Debug/Libraries/STM32F4xx_StdPeriph_Driver/src/misc.o
 .text.NVIC_PriorityGroupConfig
                0x00000000       0x28 Debug/Libraries/STM32F4xx_StdPeriph_Driver/src/misc.o
 .text.NVIC_SetVectorTable
                0x00000000       0x2c Debug/Libraries/STM32F4xx_StdPeriph_Driver/src/misc.o
 .text.NVIC_SystemLPConfig
                0x00000000       0x44 Debug/Libraries/STM32F4xx_StdPeriph_Driver/src/misc.o
 .text.SysTick_CLKSourceConfig
                0x00000000       0x38 Debug/Libraries/STM32F4xx_StdPeriph_Driver/src/misc.o
 .text          0x00000000        0x0 Debug/Libraries/STM32F4xx_StdPeriph_Driver/src/stm32f4xx_adc.o
 .data          0x00000000        0x0 Debug/Libraries/STM32F4xx_StdPeriph_Driver/src/stm32f4xx_adc.o
 .bss           0x00000000        0x0 Debug/Libraries/STM32F4xx_StdPeriph_Driver/src/stm32f4xx_adc.o
 .text.ADC_DeInit
                0x00000000       0x1c Debug/Libraries/STM32F4xx_StdPeriph_Driver/src/stm32f4xx_adc.o
 .text.ADC_Init
                0x00000000       0xac Debug/Libraries/STM32F4xx_StdPeriph_Driver/src/stm32f4xx_adc.o
 .text.ADC_StructInit
                0x00000000       0x3e Debug/Libraries/STM32F4xx_StdPeriph_Driver/src/stm32f4xx_adc.o
 .text.ADC_CommonInit
                0x00000000       0x50 Debug/Libraries/STM32F4xx_StdPeriph_Driver/src/stm32f4xx_adc.o
 .text.ADC_CommonStructInit
                0x00000000       0x2c Debug/Libraries/STM32F4xx_StdPeriph_Driver/src/stm32f4xx_adc.o
 .text.ADC_Cmd  0x00000000       0x38 Debug/Libraries/STM32F4xx_StdPeriph_Driver/src/stm32f4xx_adc.o
 .text.ADC_AnalogWatchdogCmd
                0x00000000       0x3a Debug/Libraries/STM32F4xx_StdPeriph_Driver/src/stm32f4xx_adc.o
 .text.ADC_AnalogWatchdogThresholdsConfig
                0x00000000       0x28 Debug/Libraries/STM32F4xx_StdPeriph_Driver/src/stm32f4xx_adc.o
 .text.ADC_AnalogWatchdogSingleChannelConfig
                0x00000000       0x38 Debug/Libraries/STM32F4xx_StdPeriph_Driver/src/stm32f4xx_adc.o
 .text.ADC_TempSensorVrefintCmd
                0x00000000       0x3c Debug/Libraries/STM32F4xx_StdPeriph_Driver/src/stm32f4xx_adc.o
 .text.ADC_VBATCmd
[...]
Memory Configuration

Name             Origin             Length             Attributes
FLASH            0x08000000         0x00100000         xr
RAM              0x20000000         0x00020000         xrw
MEMORY_B1        0x60000000         0x00000000         xr
CCMRAM           0x10000000         0x00010000         rw
*default*        0x00000000         0xffffffff

Linker script and memory map

LOAD c:/program files (x86)/atollic/truestudio for stm32 9.3.0/armtools/bin/../lib/gcc/arm-atollic-eabi/6.3.1/armv7e-m/fpu/crti.o
LOAD c:/program files (x86)/atollic/truestudio for stm32 9.3.0/armtools/bin/../lib/gcc/arm-atollic-eabi/6.3.1/armv7e-m/fpu/crtbegin.o
LOAD Debug/Libraries/Device/STM32F4xx/Include/stm32_ub_vga_screen.o
LOAD Debug/Libraries/STM32F4xx_StdPeriph_Driver/src/misc.o
LOAD Debug/Libraries/STM32F4xx_StdPeriph_Driver/src/stm32f4xx_adc.o
LOAD Debug/Libraries/STM32F4xx_StdPeriph_Driver/src/stm32f4xx_can.o
LOAD Debug/Libraries/STM32F4xx_StdPeriph_Driver/src/stm32f4xx_crc.o
LOAD Debug/Libraries/STM32F4xx_StdPeriph_Driver/src/stm32f4xx_cryp.o
LOAD Debug/Libraries/STM32F4xx_StdPeriph_Driver/src/stm32f4xx_cryp_aes.o
LOAD Debug/Libraries/STM32F4xx_StdPeriph_Driver/src/stm32f4xx_cryp_des.o
LOAD Debug/Libraries/STM32F4xx_StdPeriph_Driver/src/stm32f4xx_cryp_tdes.o
LOAD Debug/Libraries/STM32F4xx_StdPeriph_Driver/src/stm32f4xx_dac.o
LOAD Debug/Libraries/STM32F4xx_StdPeriph_Driver/src/stm32f4xx_dbgmcu.o
LOAD Debug/Libraries/STM32F4xx_StdPeriph_Driver/src/stm32f4xx_dcmi.o
LOAD Debug/Libraries/STM32F4xx_StdPeriph_Driver/src/stm32f4xx_dma.o
LOAD Debug/Libraries/STM32F4xx_StdPeriph_Driver/src/stm32f4xx_exti.o
LOAD Debug/Libraries/STM32F4xx_StdPeriph_Driver/src/stm32f4xx_flash.o
LOAD Debug/Libraries/STM32F4xx_StdPeriph_Driver/src/stm32f4xx_fsmc.o
LOAD Debug/Libraries/STM32F4xx_StdPeriph_Driver/src/stm32f4xx_gpio.o
LOAD Debug/Libraries/STM32F4xx_StdPeriph_Driver/src/stm32f4xx_hash.o
LOAD Debug/Libraries/STM32F4xx_StdPeriph_Driver/src/stm32f4xx_hash_md5.o
LOAD Debug/Libraries/STM32F4xx_StdPeriph_Driver/src/stm32f4xx_hash_sha1.o
LOAD Debug/Libraries/STM32F4xx_StdPeriph_Driver/src/stm32f4xx_i2c.o
LOAD Debug/Libraries/STM32F4xx_StdPeriph_Driver/src/stm32f4xx_iwdg.o
LOAD Debug/Libraries/STM32F4xx_StdPeriph_Driver/src/stm32f4xx_pwr.o
LOAD Debug/Libraries/STM32F4xx_StdPeriph_Driver/src/stm32f4xx_rcc.o
LOAD Debug/Libraries/STM32F4xx_StdPeriph_Driver/src/stm32f4xx_rng.o
LOAD Debug/Libraries/STM32F4xx_StdPeriph_Driver/src/stm32f4xx_rtc.o
LOAD Debug/Libraries/STM32F4xx_StdPeriph_Driver/src/stm32f4xx_sdio.o
LOAD Debug/Libraries/STM32F4xx_StdPeriph_Driver/src/stm32f4xx_spi.o
LOAD Debug/Libraries/STM32F4xx_StdPeriph_Driver/src/stm32f4xx_syscfg.o
LOAD Debug/Libraries/STM32F4xx_StdPeriph_Driver/src/stm32f4xx_tim.o
LOAD Debug/Libraries/STM32F4xx_StdPeriph_Driver/src/stm32f4xx_usart.o
LOAD Debug/Libraries/STM32F4xx_StdPeriph_Driver/src/stm32f4xx_wwdg.o
LOAD Debug/src/main.o
LOAD Debug/src/stm32f4xx_it.o
LOAD Debug/src/system_stm32f4xx.o
LOAD Debug/src/tiny_printf.o
LOAD Debug/src/startup_stm32f40xx.o
LOAD c:/program files (x86)/atollic/truestudio for stm32 9.3.0/armtools/bin/../lib/gcc/arm-atollic-eabi/6.3.1/../../../../arm-atollic-eabi/lib/armv7e-m/fpu\libm.a
START GROUP
LOAD c:/program files (x86)/atollic/truestudio for stm32 9.3.0/armtools/bin/../lib/gcc/arm-atollic-eabi/6.3.1/../../../../arm-atollic-eabi/lib/armv7e-m/fpu\libc.a
LOAD c:/program files (x86)/atollic/truestudio for stm32 9.3.0/armtools/bin/../lib/gcc/arm-atollic-eabi/6.3.1/../../../../arm-atollic-eabi/lib/armv7e-m/fpu\libm.a
END GROUP
                0x00001000                malloc_getpagesize_P = 0x1000
START GROUP
LOAD c:/program files (x86)/atollic/truestudio for stm32 9.3.0/armtools/bin/../lib/gcc/arm-atollic-eabi/6.3.1/armv7e-m/fpu\libgcc.a
LOAD c:/program files (x86)/atollic/truestudio for stm32 9.3.0/armtools/bin/../lib/gcc/arm-atollic-eabi/6.3.1/../../../../arm-atollic-eabi/lib/armv7e-m/fpu\libc.a
END GROUP
START GROUP
LOAD c:/program files (x86)/atollic/truestudio for stm32 9.3.0/armtools/bin/../lib/gcc/arm-atollic-eabi/6.3.1/armv7e-m/fpu\libgcc.a
LOAD c:/program files (x86)/atollic/truestudio for stm32 9.3.0/armtools/bin/../lib/gcc/arm-atollic-eabi/6.3.1/../../../../arm-atollic-eabi/lib/armv7e-m/fpu\libc.a
LOAD c:/program files (x86)/atollic/truestudio for stm32 9.3.0/armtools/bin/../lib/gcc/arm-atollic-eabi/6.3.1/../../../../arm-atollic-eabi/lib/armv7e-m/fpu\libnosys.a
END GROUP
LOAD c:/program files (x86)/atollic/truestudio for stm32 9.3.0/armtools/bin/../lib/gcc/arm-atollic-eabi/6.3.1/armv7e-m/fpu/crtend.o
LOAD c:/program files (x86)/atollic/truestudio for stm32 9.3.0/armtools/bin/../lib/gcc/arm-atollic-eabi/6.3.1/armv7e-m/fpu/crtn.o
                0x20020000                _estack = 0x20020000
                0x00000000                _Min_Heap_Size = 0x0
                0x00000400                _Min_Stack_Size = 0x400

.isr_vector     0x08000000      0x188
                0x08000000                . = ALIGN (0x4)
 *(.isr_vector)
 .isr_vector    0x08000000      0x188 Debug/src/startup_stm32f40xx.o
                0x08000000                g_pfnVectors
                0x08000188                . = ALIGN (0x4)

.text           0x08000188     0x12dc
                0x08000188                . = ALIGN (0x4)
 *(.text)
 .text          0x08000188       0x40 c:/program files (x86)/atollic/truestudio for stm32 9.3.0/armtools/bin/../lib/gcc/arm-atollic-eabi/6.3.1/armv7e-m/fpu/crtbegin.o
 *(.text*)
 .text.UB_VGA_Screen_Init
                0x080001c8       0x80 Debug/Libraries/Device/STM32F4xx/Include/stm32_ub_vga_screen.o
                0x080001c8                UB_VGA_Screen_Init
 .text.UB_VGA_FillScreen
                0x08000248       0x44 Debug/Libraries/Device/STM32F4xx/Include/stm32_ub_vga_screen.o
                0x08000248                UB_VGA_FillScreen
 .text.UB_VGA_SetPixel
                0x0800028c       0x50 Debug/Libraries/Device/STM32F4xx/Include/stm32_ub_vga_screen.o
                0x0800028c                UB_VGA_SetPixel
 .text.P_VGA_InitIO
                0x080002dc       0xa8 Debug/Libraries/Device/STM32F4xx/Include/stm32_ub_vga_screen.o
                0x080002dc                P_VGA_InitIO
 .text.P_VGA_InitTIM
                0x08000384       0xcc Debug/Libraries/Device/STM32F4xx/Include/stm32_ub_vga_screen.o
                0x08000384                P_VGA_InitTIM
 .text.P_VGA_InitINT
                0x08000450       0x58 Debug/Libraries/Device/STM32F4xx/Include/stm32_ub_vga_screen.o
                0x08000450                P_VGA_InitINT
 .text.P_VGA_InitDMA
                0x080004a8       0x90 Debug/Libraries/Device/STM32F4xx/Include/stm32_ub_vga_screen.o
                0x080004a8                P_VGA_InitDMA
 .text.TIM2_IRQHandler
                0x08000538       0xbc Debug/Libraries/Device/STM32F4xx/Include/stm32_ub_vga_screen.o
                0x08000538                TIM2_IRQHandler
 .text.DMA2_Stream5_IRQHandler
                0x080005f4       0x4c Debug/Libraries/Device/STM32F4xx/Include/stm32_ub_vga_screen.o
                0x080005f4                DMA2_Stream5_IRQHandler
 .text.NVIC_Init
                0x08000640       0xc4 Debug/Libraries/STM32F4xx_StdPeriph_Driver/src/misc.o
                0x08000640                NVIC_Init
 .text.DMA_DeInit
                0x08000704      0x1a8 Debug/Libraries/STM32F4xx_StdPeriph_Driver/src/stm32f4xx_dma.o
                0x08000704                DMA_DeInit
 .text.DMA_Init
                0x080008ac       0xb0 Debug/Libraries/STM32F4xx_StdPeriph_Driver/src/stm32f4xx_dma.o
                0x080008ac                DMA_Init
 .text.DMA_Cmd  0x0800095c       0x38 Debug/Libraries/STM32F4xx_StdPeriph_Driver/src/stm32f4xx_dma.o
                0x0800095c                DMA_Cmd
 .text.DMA_ITConfig
                0x08000994       0x74 Debug/Libraries/STM32F4xx_StdPeriph_Driver/src/stm32f4xx_dma.o
                0x08000994                DMA_ITConfig
 .text.DMA_GetITStatus
                0x08000a08       0xb0 Debug/Libraries/STM32F4xx_StdPeriph_Driver/src/stm32f4xx_dma.o
                0x08000a08                DMA_GetITStatus
 .text.DMA_ClearITPendingBit
                0x08000ab8       0x5c Debug/Libraries/STM32F4xx_StdPeriph_Driver/src/stm32f4xx_dma.o
                0x08000ab8                DMA_ClearITPendingBit
 .text.GPIO_Init
                0x08000b14      0x11c Debug/Libraries/STM32F4xx_StdPeriph_Driver/src/stm32f4xx_gpio.o
                0x08000b14                GPIO_Init
 .text.GPIO_PinAFConfig
                0x08000c30       0x92 Debug/Libraries/STM32F4xx_StdPeriph_Driver/src/stm32f4xx_gpio.o
                0x08000c30                GPIO_PinAFConfig
 *fill*         0x08000cc2        0x2 
 .text.RCC_AHB1PeriphClockCmd
                0x08000cc4       0x40 Debug/Libraries/STM32F4xx_StdPeriph_Driver/src/stm32f4xx_rcc.o
                0x08000cc4                RCC_AHB1PeriphClockCmd
 .text.RCC_APB1PeriphClockCmd
                0x08000d04       0x40 Debug/Libraries/STM32F4xx_StdPeriph_Driver/src/stm32f4xx_rcc.o
                0x08000d04                RCC_APB1PeriphClockCmd
 .text.RCC_APB2PeriphClockCmd
                0x08000d44       0x40 Debug/Libraries/STM32F4xx_StdPeriph_Driver/src/stm32f4xx_rcc.o
                0x08000d44                RCC_APB2PeriphClockCmd
 .text.TIM_TimeBaseInit
                0x08000d84       0xd8 Debug/Libraries/STM32F4xx_StdPeriph_Driver/src/stm32f4xx_tim.o
                0x08000d84                TIM_TimeBaseInit
 .text.TIM_ARRPreloadConfig
                0x08000e5c       0x40 Debug/Libraries/STM32F4xx_StdPeriph_Driver/src/stm32f4xx_tim.o
                0x08000e5c                TIM_ARRPreloadConfig
 .text.TIM_Cmd  0x08000e9c       0x40 Debug/Libraries/STM32F4xx_StdPeriph_Driver/src/stm32f4xx_tim.o
                0x08000e9c                TIM_Cmd
 .text.TIM_OC3Init
                0x08000edc      0x10c Debug/Libraries/STM32F4xx_StdPeriph_Driver/src/stm32f4xx_tim.o
                0x08000edc                TIM_OC3Init
 .text.TIM_OC4Init
                0x08000fe8       0xd0 Debug/Libraries/STM32F4xx_StdPeriph_Driver/src/stm32f4xx_tim.o
                0x08000fe8                TIM_OC4Init
 .text.TIM_OC3PreloadConfig
                0x080010b8       0x38 Debug/Libraries/STM32F4xx_StdPeriph_Driver/src/stm32f4xx_tim.o
                0x080010b8                TIM_OC3PreloadConfig
 .text.TIM_OC4PreloadConfig
                0x080010f0       0x3c Debug/Libraries/STM32F4xx_StdPeriph_Driver/src/stm32f4xx_tim.o
                0x080010f0                TIM_OC4PreloadConfig
 .text.TIM_ITConfig
                0x0800112c       0x48 Debug/Libraries/STM32F4xx_StdPeriph_Driver/src/stm32f4xx_tim.o
                0x0800112c                TIM_ITConfig
 .text.TIM_ClearITPendingBit
                0x08001174       0x22 Debug/Libraries/STM32F4xx_StdPeriph_Driver/src/stm32f4xx_tim.o
                0x08001174                TIM_ClearITPendingBit
 .text.TIM_DMACmd
                0x08001196       0x48 Debug/Libraries/STM32F4xx_StdPeriph_Driver/src/stm32f4xx_tim.o
                0x08001196                TIM_DMACmd
 .text.main     0x080011de       0x1e Debug/src/main.o
                0x080011de                main
 .text.NMI_Handler
                0x080011fc        0xe Debug/src/stm32f4xx_it.o
                0x080011fc                NMI_Handler
 .text.HardFault_Handler
                0x0800120a        0x6 Debug/src/stm32f4xx_it.o
                0x0800120a                HardFault_Handler
 .text.MemManage_Handler
                0x08001210        0x6 Debug/src/stm32f4xx_it.o
                0x08001210                MemManage_Handler
 .text.BusFault_Handler
                0x08001216        0x6 Debug/src/stm32f4xx_it.o
                0x08001216                BusFault_Handler
 .text.UsageFault_Handler
                0x0800121c        0x6 Debug/src/stm32f4xx_it.o
                0x0800121c                UsageFault_Handler
 .text.SVC_Handler
                0x08001222        0xe Debug/src/stm32f4xx_it.o
                0x08001222                SVC_Handler
 .text.DebugMon_Handler
                0x08001230        0xe Debug/src/stm32f4xx_it.o
                0x08001230                DebugMon_Handler
 .text.PendSV_Handler
                0x0800123e        0xe Debug/src/stm32f4xx_it.o
                0x0800123e                PendSV_Handler
 .text.SysTick_Handler
                0x0800124c        0xe Debug/src/stm32f4xx_it.o
                0x0800124c                SysTick_Handler
 *fill*         0x0800125a        0x2 
 .text.SystemInit
                0x0800125c       0x5c Debug/src/system_stm32f4xx.o
                0x0800125c                SystemInit
 .text.SetSysClock
                0x080012b8       0xf8 Debug/src/system_stm32f4xx.o
 .text.Reset_Handler
                0x080013b0       0x50 Debug/src/startup_stm32f40xx.o
                0x080013b0                Reset_Handler
 .text.Default_Handler
                0x08001400        0x2 Debug/src/startup_stm32f40xx.o
                0x08001400                RTC_Alarm_IRQHandler
                0x08001400                HASH_RNG_IRQHandler
                0x08001400                EXTI2_IRQHandler
                0x08001400                TIM8_CC_IRQHandler
                0x08001400                TIM1_CC_IRQHandler
                0x08001400                DMA1_Stream5_IRQHandler
                0x08001400                PVD_IRQHandler
                0x08001400                SDIO_IRQHandler
                0x08001400                TAMP_STAMP_IRQHandler
                0x08001400                CAN2_RX1_IRQHandler
                0x08001400                EXTI3_IRQHandler
                0x08001400                TIM8_TRG_COM_TIM14_IRQHandler
                0x08001400                TIM1_UP_TIM10_IRQHandler
                0x08001400                TIM8_UP_TIM13_IRQHandler
                0x08001400                I2C3_ER_IRQHandler
                0x08001400                EXTI0_IRQHandler
                0x08001400                I2C2_EV_IRQHandler
                0x08001400                DMA1_Stream2_IRQHandler
                0x08001400                CAN1_RX0_IRQHandler
                0x08001400                FPU_IRQHandler
                0x08001400                OTG_HS_WKUP_IRQHandler
                0x08001400                CAN2_SCE_IRQHandler
                0x08001400                DMA2_Stream2_IRQHandler
                0x08001400                SPI1_IRQHandler
                0x08001400                TIM6_DAC_IRQHandler
                0x08001400                TIM1_BRK_TIM9_IRQHandler
                0x08001400                DCMI_IRQHandler
                0x08001400                CAN2_RX0_IRQHandler
                0x08001400                DMA2_Stream3_IRQHandler
                0x08001400                USART6_IRQHandler
                0x08001400                USART3_IRQHandler
                0x08001400                CRYP_IRQHandler
                0x08001400                CAN1_RX1_IRQHandler
                0x08001400                UART5_IRQHandler
                0x08001400                DMA2_Stream0_IRQHandler
                0x08001400                TIM4_IRQHandler
                0x08001400                I2C1_EV_IRQHandler
                0x08001400                DMA1_Stream6_IRQHandler
                0x08001400                DMA1_Stream1_IRQHandler
                0x08001400                UART4_IRQHandler
                0x08001400                TIM3_IRQHandler
                0x08001400                RCC_IRQHandler
                0x08001400                TIM8_BRK_TIM12_IRQHandler
                0x08001400                Default_Handler
                0x08001400                EXTI15_10_IRQHandler
                0x08001400                ADC_IRQHandler
                0x08001400                DMA1_Stream7_IRQHandler
                0x08001400                TIM7_IRQHandler
                0x08001400                CAN2_TX_IRQHandler
                0x08001400                TIM5_IRQHandler
                0x08001400                DMA2_Stream7_IRQHandler
                0x08001400                I2C3_EV_IRQHandler
                0x08001400                EXTI9_5_IRQHandler
                0x08001400                RTC_WKUP_IRQHandler
                0x08001400                ETH_WKUP_IRQHandler
                0x08001400                SPI2_IRQHandler
                0x08001400                OTG_HS_EP1_IN_IRQHandler
                0x08001400                DMA1_Stream0_IRQHandler
                0x08001400                CAN1_TX_IRQHandler
                0x08001400                EXTI4_IRQHandler
                0x08001400                FSMC_IRQHandler
                0x08001400                ETH_IRQHandler
                0x08001400                OTG_HS_EP1_OUT_IRQHandler
                0x08001400                WWDG_IRQHandler
                0x08001400                OTG_FS_WKUP_IRQHandler
                0x08001400                TIM1_TRG_COM_TIM11_IRQHandler
                0x08001400                OTG_HS_IRQHandler
                0x08001400                EXTI1_IRQHandler
                0x08001400                USART2_IRQHandler
                0x08001400                I2C2_ER_IRQHandler
                0x08001400                DMA2_Stream1_IRQHandler
                0x08001400                CAN1_SCE_IRQHandler
                0x08001400                FLASH_IRQHandler
                0x08001400                DMA2_Stream4_IRQHandler
                0x08001400                USART1_IRQHandler
                0x08001400                OTG_FS_IRQHandler
                0x08001400                SPI3_IRQHandler
                0x08001400                DMA1_Stream4_IRQHandler
                0x08001400                I2C1_ER_IRQHandler
                0x08001400                DMA2_Stream6_IRQHandler
                0x08001400                DMA1_Stream3_IRQHandler
 *fill*         0x08001402        0x2 
 .text.__libc_init_array
                0x08001404       0x48 c:/program files (x86)/atollic/truestudio for stm32 9.3.0/armtools/bin/../lib/gcc/arm-atollic-eabi/6.3.1/../../../../arm-atollic-eabi/lib/armv7e-m/fpu\libc.a(lib_a-init.o)
                0x08001404                __libc_init_array
 *(.glue_7)
 .glue_7        0x0800144c        0x0 linker stubs
 *(.glue_7t)
 .glue_7t       0x0800144c        0x0 linker stubs
 *(.eh_frame)
 .eh_frame      0x0800144c        0x0 c:/program files (x86)/atollic/truestudio for stm32 9.3.0/armtools/bin/../lib/gcc/arm-atollic-eabi/6.3.1/armv7e-m/fpu/crtbegin.o
 *(.init)
 .init          0x0800144c        0x4 c:/program files (x86)/atollic/truestudio for stm32 9.3.0/armtools/bin/../lib/gcc/arm-atollic-eabi/6.3.1/armv7e-m/fpu/crti.o
                0x0800144c                _init
 .init          0x08001450        0x8 c:/program files (x86)/atollic/truestudio for stm32 9.3.0/armtools/bin/../lib/gcc/arm-atollic-eabi/6.3.1/armv7e-m/fpu/crtn.o
 *(.fini)
 .fini          0x08001458        0x4 c:/program files (x86)/atollic/truestudio for stm32 9.3.0/armtools/bin/../lib/gcc/arm-atollic-eabi/6.3.1/armv7e-m/fpu/crti.o
                0x08001458                _fini
 .fini          0x0800145c        0x8 c:/program files (x86)/atollic/truestudio for stm32 9.3.0/armtools/bin/../lib/gcc/arm-atollic-eabi/6.3.1/armv7e-m/fpu/crtn.o
                0x08001464                . = ALIGN (0x4)
                0x08001464                _etext = .

.vfp11_veneer   0x08001464        0x0
 .vfp11_veneer  0x08001464        0x0 linker stubs

.v4_bx          0x08001464        0x0
 .v4_bx         0x08001464        0x0 linker stubs

.iplt           0x08001464        0x0
 .iplt          0x08001464        0x0 c:/program files (x86)/atollic/truestudio for stm32 9.3.0/armtools/bin/../lib/gcc/arm-atollic-eabi/6.3.1/armv7e-m/fpu/crtbegin.o

.rel.dyn        0x08001464        0x0
 .rel.iplt      0x08001464        0x0 c:/program files (x86)/atollic/truestudio for stm32 9.3.0/armtools/bin/../lib/gcc/arm-atollic-eabi/6.3.1/armv7e-m/fpu/crtbegin.o

.rodata         0x08001464        0x0
                0x08001464                . = ALIGN (0x4)
 *(.rodata)
 *(.rodata*)
                0x08001464                . = ALIGN (0x4)

.ARM.extab
 *(.ARM.extab* .gnu.linkonce.armextab.*)

.ARM            0x08001464        0x0
                0x08001464                __exidx_start = .
 *(.ARM.exidx*)
                0x08001464                __exidx_end = .

.preinit_array  0x08001464        0x0
                0x08001464                PROVIDE (__preinit_array_start, .)
 *(.preinit_array*)
                0x08001464                PROVIDE (__preinit_array_end, .)

.init_array     0x08001464        0x4
                0x08001464                PROVIDE (__init_array_start, .)
 *(SORT(.init_array.*))
 *(.init_array*)
 .init_array    0x08001464        0x4 c:/program files (x86)/atollic/truestudio for stm32 9.3.0/armtools/bin/../lib/gcc/arm-atollic-eabi/6.3.1/armv7e-m/fpu/crtbegin.o
                0x08001468                PROVIDE (__init_array_end, .)

.fini_array     0x08001468        0x4
                [!provide]                PROVIDE (__fini_array_start, .)
 *(SORT(.fini_array.*))
 *(.fini_array*)
 .fini_array    0x08001468        0x4 c:/program files (x86)/atollic/truestudio for stm32 9.3.0/armtools/bin/../lib/gcc/arm-atollic-eabi/6.3.1/armv7e-m/fpu/crtbegin.o
                [!provide]                PROVIDE (__fini_array_end, .)
                0x0800146c                _sidata = LOADADDR (.data)

.data           0x20000000        0x0 load address 0x0800146c
                0x20000000                . = ALIGN (0x4)
                0x20000000                _sdata = .
 *(.data)
 *(.data*)
                0x20000000                . = ALIGN (0x4)
                0x20000000                _edata = .
                0x0800146c                _siccmram = LOADADDR (.ccmram)

.igot.plt       0x20000000        0x0 load address 0x0800146c
 .igot.plt      0x20000000        0x0 c:/program files (x86)/atollic/truestudio for stm32 9.3.0/armtools/bin/../lib/gcc/arm-atollic-eabi/6.3.1/armv7e-m/fpu/crtbegin.o

.ccmram         0x10000000        0x0 load address 0x0800146c
                0x10000000                . = ALIGN (0x4)
                0x10000000                _sccmram = .
 *(.ccmram)
 *(.ccmram*)
                0x10000000                . = ALIGN (0x4)
                0x10000000                _eccmram = .
                0x10000000                . = ALIGN (0x4)

.bss            0x20000000    0x12d18
                0x20000000                _sbss = .
                0x20000000                __bss_start__ = _sbss
 *(.bss)
 .bss           0x20000000       0x1c c:/program files (x86)/atollic/truestudio for stm32 9.3.0/armtools/bin/../lib/gcc/arm-atollic-eabi/6.3.1/armv7e-m/fpu/crtbegin.o
 *(.bss*)
 *(COMMON)
 COMMON         0x2000001c    0x12cfc Debug/Libraries/Device/STM32F4xx/Include/stm32_ub_vga_screen.o
                0x2000001c                VGA
                0x20000028                VGA_RAM1
                0x20012d18                . = ALIGN (0x4)
                0x20012d18                _ebss = .
                0x20012d18                __bss_end__ = _ebss

._user_heap_stack
                0x20012d18      0x400
                0x20012d18                . = ALIGN (0x4)
                [!provide]                PROVIDE (end, .)
                [!provide]                PROVIDE (_end, .)
                0x20012d18                . = (. + _Min_Heap_Size)
                0x20013118                . = (. + _Min_Stack_Size)
 *fill*         0x20012d18      0x400 
                0x20013118                . = ALIGN (0x4)

.memory_b1_text
 *(.mb1text)
 *(.mb1text*)
 *(.mb1rodata)
 *(.mb1rodata*)

/DISCARD/
 libc.a(*)
 libm.a(*)
 libgcc.a(*)

.ARM.attributes
                0x00000000       0x30
 *(.ARM.attributes)
 .ARM.attributes
                0x00000000       0x22 c:/program files (x86)/atollic/truestudio for stm32 9.3.0/armtools/bin/../lib/gcc/arm-atollic-eabi/6.3.1/armv7e-m/fpu/crti.o
 .ARM.attributes
                0x00000022       0x34 c:/program files (x86)/atollic/truestudio for stm32 9.3.0/armtools/bin/../lib/gcc/arm-atollic-eabi/6.3.1/armv7e-m/fpu/crtbegin.o
 .ARM.attributes
                0x00000056       0x39 Debug/Libraries/Device/STM32F4xx/Include/stm32_ub_vga_screen.o
 .ARM.attributes
                0x0000008f       0x39 Debug/Libraries/STM32F4xx_StdPeriph_Driver/src/misc.o
 .ARM.attributes
                0x000000c8       0x39 Debug/Libraries/STM32F4xx_StdPeriph_Driver/src/stm32f4xx_dma.o
 .ARM.attributes
                0x00000101       0x39 Debug/Libraries/STM32F4xx_StdPeriph_Driver/src/stm32f4xx_gpio.o
 .ARM.attributes
                0x0000013a       0x39 Debug/Libraries/STM32F4xx_StdPeriph_Driver/src/stm32f4xx_rcc.o
 .ARM.attributes
                0x00000173       0x39 Debug/Libraries/STM32F4xx_StdPeriph_Driver/src/stm32f4xx_tim.o
 .ARM.attributes
                0x000001ac       0x39 Debug/src/main.o
 .ARM.attributes
                0x000001e5       0x39 Debug/src/stm32f4xx_it.o
 .ARM.attributes
                0x0000021e       0x39 Debug/src/system_stm32f4xx.o
 .ARM.attributes
                0x00000257       0x21 Debug/src/startup_stm32f40xx.o
 .ARM.attributes
                0x00000278       0x34 c:/program files (x86)/atollic/truestudio for stm32 9.3.0/armtools/bin/../lib/gcc/arm-atollic-eabi/6.3.1/../../../../arm-atollic-eabi/lib/armv7e-m/fpu\libc.a(lib_a-init.o)
 .ARM.attributes
                0x000002ac       0x22 c:/program files (x86)/atollic/truestudio for stm32 9.3.0/armtools/bin/../lib/gcc/arm-atollic-eabi/6.3.1/armv7e-m/fpu/crtn.o
OUTPUT(Debug/.elf elf32-littlearm)

.debug_info     0x00000000     0x5835
 .debug_info    0x00000000      0xae4 Debug/Libraries/Device/STM32F4xx/Include/stm32_ub_vga_screen.o
 .debug_info    0x00000ae4      0x54d Debug/Libraries/STM32F4xx_StdPeriph_Driver/src/misc.o
 .debug_info    0x00001031      0x74c Debug/Libraries/STM32F4xx_StdPeriph_Driver/src/stm32f4xx_dma.o
 .debug_info    0x0000177d      0x628 Debug/Libraries/STM32F4xx_StdPeriph_Driver/src/stm32f4xx_gpio.o
 .debug_info    0x00001da5      0xc98 Debug/Libraries/STM32F4xx_StdPeriph_Driver/src/stm32f4xx_rcc.o
 .debug_info    0x00002a3d     0x1c74 Debug/Libraries/STM32F4xx_StdPeriph_Driver/src/stm32f4xx_tim.o
 .debug_info    0x000046b1      0x9df Debug/src/main.o
 .debug_info    0x00005090      0x154 Debug/src/stm32f4xx_it.o
 .debug_info    0x000051e4      0x5dd Debug/src/system_stm32f4xx.o
 .debug_info    0x000057c1       0x74 Debug/src/startup_stm32f40xx.o

.debug_abbrev   0x00000000      0xdc9
 .debug_abbrev  0x00000000      0x1fb Debug/Libraries/Device/STM32F4xx/Include/stm32_ub_vga_screen.o
 .debug_abbrev  0x000001fb      0x172 Debug/Libraries/STM32F4xx_StdPeriph_Driver/src/misc.o
 .debug_abbrev  0x0000036d      0x168 Debug/Libraries/STM32F4xx_StdPeriph_Driver/src/stm32f4xx_dma.o
 .debug_abbrev  0x000004d5      0x1b8 Debug/Libraries/STM32F4xx_StdPeriph_Driver/src/stm32f4xx_gpio.o
 .debug_abbrev  0x0000068d      0x1f8 Debug/Libraries/STM32F4xx_StdPeriph_Driver/src/stm32f4xx_rcc.o
 .debug_abbrev  0x00000885      0x19a Debug/Libraries/STM32F4xx_StdPeriph_Driver/src/stm32f4xx_tim.o
 .debug_abbrev  0x00000a1f      0x1c8 Debug/src/main.o
 .debug_abbrev  0x00000be7       0x78 Debug/src/stm32f4xx_it.o
 .debug_abbrev  0x00000c5f      0x158 Debug/src/system_stm32f4xx.o
 .debug_abbrev  0x00000db7       0x12 Debug/src/startup_stm32f40xx.o

.debug_aranges  0x00000000      0x728
 .debug_aranges
                0x00000000       0x60 Debug/Libraries/Device/STM32F4xx/Include/stm32_ub_vga_screen.o
 .debug_aranges
                0x00000060       0x40 Debug/Libraries/STM32F4xx_StdPeriph_Driver/src/misc.o
 .debug_aranges
                0x000000a0       0xb0 Debug/Libraries/STM32F4xx_StdPeriph_Driver/src/stm32f4xx_dma.o
 .debug_aranges
                0x00000150       0x88 Debug/Libraries/STM32F4xx_StdPeriph_Driver/src/stm32f4xx_gpio.o
 .debug_aranges
                0x000001d8      0x180 Debug/Libraries/STM32F4xx_StdPeriph_Driver/src/stm32f4xx_rcc.o
 .debug_aranges
                0x00000358      0x2f8 Debug/Libraries/STM32F4xx_StdPeriph_Driver/src/stm32f4xx_tim.o
 .debug_aranges
                0x00000650       0x20 Debug/src/main.o
 .debug_aranges
                0x00000670       0x60 Debug/src/stm32f4xx_it.o
 .debug_aranges
                0x000006d0       0x30 Debug/src/system_stm32f4xx.o
 .debug_aranges
                0x00000700       0x28 Debug/src/startup_stm32f40xx.o

.debug_ranges   0x00000000      0x690
 .debug_ranges  0x00000000       0x50 Debug/Libraries/Device/STM32F4xx/Include/stm32_ub_vga_screen.o
 .debug_ranges  0x00000050       0x30 Debug/Libraries/STM32F4xx_StdPeriph_Driver/src/misc.o
 .debug_ranges  0x00000080       0xa0 Debug/Libraries/STM32F4xx_StdPeriph_Driver/src/stm32f4xx_dma.o
 .debug_ranges  0x00000120       0x78 Debug/Libraries/STM32F4xx_StdPeriph_Driver/src/stm32f4xx_gpio.o
 .debug_ranges  0x00000198      0x170 Debug/Libraries/STM32F4xx_StdPeriph_Driver/src/stm32f4xx_rcc.o
 .debug_ranges  0x00000308      0x2e8 Debug/Libraries/STM32F4xx_StdPeriph_Driver/src/stm32f4xx_tim.o
 .debug_ranges  0x000005f0       0x10 Debug/src/main.o
 .debug_ranges  0x00000600       0x50 Debug/src/stm32f4xx_it.o
 .debug_ranges  0x00000650       0x20 Debug/src/system_stm32f4xx.o
 .debug_ranges  0x00000670       0x20 Debug/src/startup_stm32f40xx.o

.debug_line     0x00000000     0x252b
 .debug_line    0x00000000      0x37c Debug/Libraries/Device/STM32F4xx/Include/stm32_ub_vga_screen.o
 .debug_line    0x0000037c      0x247 Debug/Libraries/STM32F4xx_StdPeriph_Driver/src/misc.o
 .debug_line    0x000005c3      0x433 Debug/Libraries/STM32F4xx_StdPeriph_Driver/src/stm32f4xx_dma.o
 .debug_line    0x000009f6      0x369 Debug/Libraries/STM32F4xx_StdPeriph_Driver/src/stm32f4xx_gpio.o
 .debug_line    0x00000d5f      0x5c1 Debug/Libraries/STM32F4xx_StdPeriph_Driver/src/stm32f4xx_rcc.o
 .debug_line    0x00001320      0xaca Debug/Libraries/STM32F4xx_StdPeriph_Driver/src/stm32f4xx_tim.o
 .debug_line    0x00001dea      0x29d Debug/src/main.o
 .debug_line    0x00002087      0x21e Debug/src/stm32f4xx_it.o
 .debug_line    0x000022a5      0x20f Debug/src/system_stm32f4xx.o
 .debug_line    0x000024b4       0x77 Debug/src/startup_stm32f40xx.o

.debug_str      0x00000000     0x2864
 .debug_str     0x00000000      0xcef Debug/Libraries/Device/STM32F4xx/Include/stm32_ub_vga_screen.o
                                0xd4a (size before relaxing)
 .debug_str     0x00000cef      0x1ae Debug/Libraries/STM32F4xx_StdPeriph_Driver/src/misc.o
                                0x437 (size before relaxing)
 .debug_str     0x00000e9d      0x26f Debug/Libraries/STM32F4xx_StdPeriph_Driver/src/stm32f4xx_dma.o
                                0x5ab (size before relaxing)
 .debug_str     0x0000110c      0x193 Debug/Libraries/STM32F4xx_StdPeriph_Driver/src/stm32f4xx_gpio.o
                                0x50c (size before relaxing)
 .debug_str     0x0000129f      0x64e Debug/Libraries/STM32F4xx_StdPeriph_Driver/src/stm32f4xx_rcc.o
                                0x8e2 (size before relaxing)
 .debug_str     0x000018ed      0x9ee Debug/Libraries/STM32F4xx_StdPeriph_Driver/src/stm32f4xx_tim.o
                                0xe39 (size before relaxing)
 .debug_str     0x000022db      0x45a Debug/src/main.o
                                0x6a6 (size before relaxing)
 .debug_str     0x00002735       0xa3 Debug/src/stm32f4xx_it.o
                                0x258 (size before relaxing)
 .debug_str     0x000027d8       0x8c Debug/src/system_stm32f4xx.o
                                0x3eb (size before relaxing)

.comment        0x00000000       0x7c
 .comment       0x00000000       0x7c Debug/Libraries/Device/STM32F4xx/Include/stm32_ub_vga_screen.o
                                 0x7d (size before relaxing)
 .comment       0x0000007c       0x7d Debug/Libraries/STM32F4xx_StdPeriph_Driver/src/misc.o
 .comment       0x0000007c       0x7d Debug/Libraries/STM32F4xx_StdPeriph_Driver/src/stm32f4xx_dma.o
 .comment       0x0000007c       0x7d Debug/Libraries/STM32F4xx_StdPeriph_Driver/src/stm32f4xx_gpio.o
 .comment       0x0000007c       0x7d Debug/Libraries/STM32F4xx_StdPeriph_Driver/src/stm32f4xx_rcc.o
 .comment       0x0000007c       0x7d Debug/Libraries/STM32F4xx_StdPeriph_Driver/src/stm32f4xx_tim.o
 .comment       0x0000007c       0x7d Debug/src/main.o
 .comment       0x0000007c       0x7d Debug/src/stm32f4xx_it.o
 .comment       0x0000007c       0x7d Debug/src/system_stm32f4xx.o

.debug_frame    0x00000000     0x1e98
 .debug_frame   0x00000000      0x148 Debug/Libraries/Device/STM32F4xx/Include/stm32_ub_vga_screen.o
 .debug_frame   0x00000148       0xd8 Debug/Libraries/STM32F4xx_StdPeriph_Driver/src/misc.o
 .debug_frame   0x00000220      0x308 Debug/Libraries/STM32F4xx_StdPeriph_Driver/src/stm32f4xx_dma.o
 .debug_frame   0x00000528      0x23c Debug/Libraries/STM32F4xx_StdPeriph_Driver/src/stm32f4xx_gpio.o
 .debug_frame   0x00000764      0x6fc Debug/Libraries/STM32F4xx_StdPeriph_Driver/src/stm32f4xx_rcc.o
 .debug_frame   0x00000e60      0xe54 Debug/Libraries/STM32F4xx_StdPeriph_Driver/src/stm32f4xx_tim.o
 .debug_frame   0x00001cb4       0x2c Debug/src/main.o
 .debug_frame   0x00001ce0      0x110 Debug/src/stm32f4xx_it.o
 .debug_frame   0x00001df0       0x7c Debug/src/system_stm32f4xx.o
 .debug_frame   0x00001e6c       0x2c c:/program files (x86)/atollic/truestudio for stm32 9.3.0/armtools/bin/../lib/gcc/arm-atollic-eabi/6.3.1/../../../../arm-atollic-eabi/lib/armv7e-m/fpu\libc.a(lib_a-init.o)

.stabstr        0x00000000       0x3f
 .stabstr       0x00000000       0x3f c:/program files (x86)/atollic/truestudio for stm32 9.3.0/armtools/bin/../lib/gcc/arm-atollic-eabi/6.3.1/../../../../arm-atollic-eabi/lib/armv7e-m/fpu\libnosys.a(write.o)

Cross Reference Table

Symbol                                            File
ADC_AnalogWatchdogCmd                             Debug/Libraries/STM32F4xx_StdPeriph_Driver/src/stm32f4xx_adc.o
ADC_AnalogWatchdogSingleChannelConfig             Debug/Libraries/STM32F4xx_StdPeriph_Driver/src/stm32f4xx_adc.o
ADC_AnalogWatchdogThresholdsConfig                Debug/Libraries/STM32F4xx_StdPeriph_Driver/src/stm32f4xx_adc.o
ADC_AutoInjectedConvCmd                           Debug/Libraries/STM32F4xx_StdPeriph_Driver/src/stm32f4xx_adc.o
ADC_ClearFlag                                     Debug/Libraries/STM32F4xx_StdPeriph_Driver/src/stm32f4xx_adc.o
ADC_ClearITPendingBit                             Debug/Libraries/STM32F4xx_StdPeriph_Driver/src/stm32f4xx_adc.o
ADC_Cmd                                           Debug/Libraries/STM32F4xx_StdPeriph_Driver/src/stm32f4xx_adc.o
ADC_CommonInit                                    Debug/Libraries/STM32F4xx_StdPeriph_Driver/src/stm32f4xx_adc.o
ADC_CommonStructInit                              Debug/Libraries/STM32F4xx_StdPeriph_Driver/src/stm32f4xx_adc.o
ADC_ContinuousModeCmd                             Debug/Libraries/STM32F4xx_StdPeriph_Driver/src/stm32f4xx_adc.o
ADC_DMACmd                                        Debug/Libraries/STM32F4xx_StdPeriph_Driver/src/stm32f4xx_adc.o
ADC_DMARequestAfterLastTransferCmd                Debug/Libraries/STM32F4xx_StdPeriph_Driver/src/stm32f4xx_adc.o
ADC_DeInit                                        Debug/Libraries/STM32F4xx_StdPeriph_Driver/src/stm32f4xx_adc.o
ADC_DiscModeChannelCountConfig                    Debug/Libraries/STM32F4xx_StdPeriph_Driver/src/stm32f4xx_adc.o
ADC_DiscModeCmd                                   Debug/Libraries/STM32F4xx_StdPeriph_Driver/src/stm32f4xx_adc.o
ADC_EOCOnEachRegularChannelCmd                    Debug/Libraries/STM32F4xx_StdPeriph_Driver/src/stm32f4xx_adc.o
ADC_ExternalTrigInjectedConvConfig                Debug/Libraries/STM32F4xx_StdPeriph_Driver/src/stm32f4xx_adc.o
ADC_ExternalTrigInjectedConvEdgeConfig            Debug/Libraries/STM32F4xx_StdPeriph_Driver/src/stm32f4xx_adc.o
ADC_GetConversionValue                            Debug/Libraries/STM32F4xx_StdPeriph_Driver/src/stm32f4xx_adc.o
ADC_GetFlagStatus                                 Debug/Libraries/STM32F4xx_StdPeriph_Driver/src/stm32f4xx_adc.o
ADC_GetITStatus                                   Debug/Libraries/STM32F4xx_StdPeriph_Driver/src/stm32f4xx_adc.o
ADC_GetInjectedConversionValue                    Debug/Libraries/STM32F4xx_StdPeriph_Driver/src/stm32f4xx_adc.o
ADC_GetMultiModeConversionValue                   Debug/Libraries/STM32F4xx_StdPeriph_Driver/src/stm32f4xx_adc.o
ADC_GetSoftwareStartConvStatus                    Debug/Libraries/STM32F4xx_StdPeriph_Driver/src/stm32f4xx_adc.o
ADC_GetSoftwareStartInjectedConvCmdStatus         Debug/Libraries/STM32F4xx_StdPeriph_Driver/src/stm32f4xx_adc.o
ADC_IRQHandler                                    Debug/src/startup_stm32f40xx.o
ADC_ITConfig                                      Debug/Libraries/STM32F4xx_StdPeriph_Driver/src/stm32f4xx_adc.o
ADC_Init                                          Debug/Libraries/STM32F4xx_StdPeriph_Driver/src/stm32f4xx_adc.o
ADC_InjectedChannelConfig                         Debug/Libraries/STM32F4xx_StdPeriph_Driver/src/stm32f4xx_adc.o
ADC_InjectedDiscModeCmd                           Debug/Libraries/STM32F4xx_StdPeriph_Driver/src/stm32f4xx_adc.o
ADC_InjectedSequencerLengthConfig                 Debug/Libraries/STM32F4xx_StdPeriph_Driver/src/stm32f4xx_adc.o
ADC_MultiModeDMARequestAfterLastTransferCmd       Debug/Libraries/STM32F4xx_StdPeriph_Driver/src/stm32f4xx_adc.o
ADC_RegularChannelConfig                          Debug/Libraries/STM32F4xx_StdPeriph_Driver/src/stm32f4xx_adc.o
ADC_SetInjectedOffset                             Debug/Libraries/STM32F4xx_StdPeriph_Driver/src/stm32f4xx_adc.o
ADC_SoftwareStartConv                             Debug/Libraries/STM32F4xx_StdPeriph_Driver/src/stm32f4xx_adc.o
ADC_SoftwareStartInjectedConv                     Debug/Libraries/STM32F4xx_StdPeriph_Driver/src/stm32f4xx_adc.o
ADC_StructInit                                    Debug/Libraries/STM32F4xx_StdPeriph_Driver/src/stm32f4xx_adc.o
ADC_TempSensorVrefintCmd                          Debug/Libraries/STM32F4xx_StdPeriph_Driver/src/stm32f4xx_adc.o
ADC_VBATCmd                                       Debug/Libraries/STM32F4xx_StdPeriph_Driver/src/stm32f4xx_adc.o
AHBPrescTable                                     Debug/src/system_stm32f4xx.o
BusFault_Handler                                  Debug/src/stm32f4xx_it.o
CAN1_RX0_IRQHandler                               Debug/src/startup_stm32f40xx.o
CAN1_RX1_IRQHandler                               Debug/src/startup_stm32f40xx.o
CAN1_SCE_IRQHandler                               Debug/src/startup_stm32f40xx.o
CAN1_TX_IRQHandler                                Debug/src/startup_stm32f40xx.o
CAN2_RX0_IRQHandler                               Debug/src/startup_stm32f40xx.o
CAN2_RX1_IRQHandler                               Debug/src/startup_stm32f40xx.o
CAN2_SCE_IRQHandler                               Debug/src/startup_stm32f40xx.o
CAN2_TX_IRQHandler                                Debug/src/startup_stm32f40xx.o
CAN_CancelTransmit                                Debug/Libraries/STM32F4xx_StdPeriph_Driver/src/stm32f4xx_can.o
CAN_ClearFlag                                     Debug/Libraries/STM32F4xx_StdPeriph_Driver/src/stm32f4xx_can.o
CAN_ClearITPendingBit                             Debug/Libraries/STM32F4xx_StdPeriph_Driver/src/stm32f4xx_can.o
CAN_DBGFreeze                                     Debug/Libraries/STM32F4xx_StdPeriph_Driver/src/stm32f4xx_can.o
CAN_DeInit                                        Debug/Libraries/STM32F4xx_StdPeriph_Driver/src/stm32f4xx_can.o
CAN_FIFORelease                                   Debug/Libraries/STM32F4xx_StdPeriph_Driver/src/stm32f4xx_can.o
CAN_FilterInit                                    Debug/Libraries/STM32F4xx_StdPeriph_Driver/src/stm32f4xx_can.o
CAN_GetFlagStatus                                 Debug/Libraries/STM32F4xx_StdPeriph_Driver/src/stm32f4xx_can.o
CAN_GetITStatus                                   Debug/Libraries/STM32F4xx_StdPeriph_Driver/src/stm32f4xx_can.o
CAN_GetLSBTransmitErrorCounter                    Debug/Libraries/STM32F4xx_StdPeriph_Driver/src/stm32f4xx_can.o
CAN_GetLastErrorCode                              Debug/Libraries/STM32F4xx_StdPeriph_Driver/src/stm32f4xx_can.o
CAN_GetReceiveErrorCounter                        Debug/Libraries/STM32F4xx_StdPeriph_Driver/src/stm32f4xx_can.o
CAN_ITConfig                                      Debug/Libraries/STM32F4xx_StdPeriph_Driver/src/stm32f4xx_can.o
CAN_Init                                          Debug/Libraries/STM32F4xx_StdPeriph_Driver/src/stm32f4xx_can.o
CAN_MessagePending                                Debug/Libraries/STM32F4xx_StdPeriph_Driver/src/stm32f4xx_can.o
CAN_OperatingModeRequest                          Debug/Libraries/STM32F4xx_StdPeriph_Driver/src/stm32f4xx_can.o
CAN_Receive                                       Debug/Libraries/STM32F4xx_StdPeriph_Driver/src/stm32f4xx_can.o
CAN_SlaveStartBank                                Debug/Libraries/STM32F4xx_StdPeriph_Driver/src/stm32f4xx_can.o
CAN_Sleep                                         Debug/Libraries/STM32F4xx_StdPeriph_Driver/src/stm32f4xx_can.o
CAN_StructInit                                    Debug/Libraries/STM32F4xx_StdPeriph_Driver/src/stm32f4xx_can.o
CAN_TTComModeCmd                                  Debug/Libraries/STM32F4xx_StdPeriph_Driver/src/stm32f4xx_can.o
CAN_Transmit                                      Debug/Libraries/STM32F4xx_StdPeriph_Driver/src/stm32f4xx_can.o
CAN_TransmitStatus                                Debug/Libraries/STM32F4xx_StdPeriph_Driver/src/stm32f4xx_can.o
CAN_WakeUp                                        Debug/Libraries/STM32F4xx_StdPeriph_Driver/src/stm32f4xx_can.o
CRC_CalcBlockCRC                                  Debug/Libraries/STM32F4xx_StdPeriph_Driver/src/stm32f4xx_crc.o
CRC_CalcCRC                                       Debug/Libraries/STM32F4xx_StdPeriph_Driver/src/stm32f4xx_crc.o
CRC_GetCRC                                        Debug/Libraries/STM32F4xx_StdPeriph_Driver/src/stm32f4xx_crc.o
CRC_GetIDRegister                                 Debug/Libraries/STM32F4xx_StdPeriph_Driver/src/stm32f4xx_crc.o
CRC_ResetDR                                       Debug/Libraries/STM32F4xx_StdPeriph_Driver/src/stm32f4xx_crc.o
CRC_SetIDRegister                                 Debug/Libraries/STM32F4xx_StdPeriph_Driver/src/stm32f4xx_crc.o
CRYP_AES_CBC                                      Debug/Libraries/STM32F4xx_StdPeriph_Driver/src/stm32f4xx_cryp_aes.o
CRYP_AES_CCM                                      Debug/Libraries/STM32F4xx_StdPeriph_Driver/src/stm32f4xx_cryp_aes.o
CRYP_AES_CTR                                      Debug/Libraries/STM32F4xx_StdPeriph_Driver/src/stm32f4xx_cryp_aes.o
CRYP_AES_ECB                                      Debug/Libraries/STM32F4xx_StdPeriph_Driver/src/stm32f4xx_cryp_aes.o
CRYP_AES_GCM                                      Debug/Libraries/STM32F4xx_StdPeriph_Driver/src/stm32f4xx_cryp_aes.o
CRYP_Cmd                                          Debug/Libraries/STM32F4xx_StdPeriph_Driver/src/stm32f4xx_cryp.o
                                                  Debug/Libraries/STM32F4xx_StdPeriph_Driver/src/stm32f4xx_cryp_tdes.o
                                                  Debug/Libraries/STM32F4xx_StdPeriph_Driver/src/stm32f4xx_cryp_des.o
                                                  Debug/Libraries/STM32F4xx_StdPeriph_Driver/src/stm32f4xx_cryp_aes.o
CRYP_DES_CBC                                      Debug/Libraries/STM32F4xx_StdPeriph_Driver/src/stm32f4xx_cryp_des.o
CRYP_DES_ECB                                      Debug/Libraries/STM32F4xx_StdPeriph_Driver/src/stm32f4xx_cryp_des.o
CRYP_DMACmd                                       Debug/Libraries/STM32F4xx_StdPeriph_Driver/src/stm32f4xx_cryp.o
CRYP_DataIn                                       Debug/Libraries/STM32F4xx_StdPeriph_Driver/src/stm32f4xx_cryp.o
                                                  Debug/Libraries/STM32F4xx_StdPeriph_Driver/src/stm32f4xx_cryp_tdes.o
                                                  Debug/Libraries/STM32F4xx_StdPeriph_Driver/src/stm32f4xx_cryp_des.o
                                                  Debug/Libraries/STM32F4xx_StdPeriph_Driver/src/stm32f4xx_cryp_aes.o
CRYP_DataOut                                      Debug/Libraries/STM32F4xx_StdPeriph_Driver/src/stm32f4xx_cryp.o
                                                  Debug/Libraries/STM32F4xx_StdPeriph_Driver/src/stm32f4xx_cryp_tdes.o
                                                  Debug/Libraries/STM32F4xx_StdPeriph_Driver/src/stm32f4xx_cryp_des.o
                                                  Debug/Libraries/STM32F4xx_StdPeriph_Driver/src/stm32f4xx_cryp_aes.o
CRYP_DeInit                                       Debug/Libraries/STM32F4xx_StdPeriph_Driver/src/stm32f4xx_cryp.o
CRYP_FIFOFlush                                    Debug/Libraries/STM32F4xx_StdPeriph_Driver/src/stm32f4xx_cryp.o
                                                  Debug/Libraries/STM32F4xx_StdPeriph_Driver/src/stm32f4xx_cryp_tdes.o
                                                  Debug/Libraries/STM32F4xx_StdPeriph_Driver/src/stm32f4xx_cryp_des.o
                                                  Debug/Libraries/STM32F4xx_StdPeriph_Driver/src/stm32f4xx_cryp_aes.o
CRYP_GetCmdStatus                                 Debug/Libraries/STM32F4xx_StdPeriph_Driver/src/stm32f4xx_cryp.o
                                                  Debug/Libraries/STM32F4xx_StdPeriph_Driver/src/stm32f4xx_cryp_tdes.o
                                                  Debug/Libraries/STM32F4xx_StdPeriph_Driver/src/stm32f4xx_cryp_des.o
                                                  Debug/Libraries/STM32F4xx_StdPeriph_Driver/src/stm32f4xx_cryp_aes.o
CRYP_GetFlagStatus                                Debug/Libraries/STM32F4xx_StdPeriph_Driver/src/stm32f4xx_cryp.o
                                                  Debug/Libraries/STM32F4xx_StdPeriph_Driver/src/stm32f4xx_cryp_tdes.o
                                                  Debug/Libraries/STM32F4xx_StdPeriph_Driver/src/stm32f4xx_cryp_des.o
                                                  Debug/Libraries/STM32F4xx_StdPeriph_Driver/src/stm32f4xx_cryp_aes.o
CRYP_GetITStatus                                  Debug/Libraries/STM32F4xx_StdPeriph_Driver/src/stm32f4xx_cryp.o
CRYP_IRQHandler                                   Debug/src/startup_stm32f40xx.o
CRYP_ITConfig                                     Debug/Libraries/STM32F4xx_StdPeriph_Driver/src/stm32f4xx_cryp.o
CRYP_IVInit                                       Debug/Libraries/STM32F4xx_StdPeriph_Driver/src/stm32f4xx_cryp.o
                                                  Debug/Libraries/STM32F4xx_StdPeriph_Driver/src/stm32f4xx_cryp_tdes.o
                                                  Debug/Libraries/STM32F4xx_StdPeriph_Driver/src/stm32f4xx_cryp_des.o
                                                  Debug/Libraries/STM32F4xx_StdPeriph_Driver/src/stm32f4xx_cryp_aes.o
CRYP_IVStructInit                                 Debug/Libraries/STM32F4xx_StdPeriph_Driver/src/stm32f4xx_cryp.o
CRYP_Init                                         Debug/Libraries/STM32F4xx_StdPeriph_Driver/src/stm32f4xx_cryp.o
                                                  Debug/Libraries/STM32F4xx_StdPeriph_Driver/src/stm32f4xx_cryp_tdes.o
                                                  Debug/Libraries/STM32F4xx_StdPeriph_Driver/src/stm32f4xx_cryp_des.o
                                                  Debug/Libraries/STM32F4xx_StdPeriph_Driver/src/stm32f4xx_cryp_aes.o
CRYP_KeyInit                                      Debug/Libraries/STM32F4xx_StdPeriph_Driver/src/stm32f4xx_cryp.o
                                                  Debug/Libraries/STM32F4xx_StdPeriph_Driver/src/stm32f4xx_cryp_tdes.o
                                                  Debug/Libraries/STM32F4xx_StdPeriph_Driver/src/stm32f4xx_cryp_des.o
                                                  Debug/Libraries/STM32F4xx_StdPeriph_Driver/src/stm32f4xx_cryp_aes.o
CRYP_KeyStructInit                                Debug/Libraries/STM32F4xx_StdPeriph_Driver/src/stm32f4xx_cryp.o
                                                  Debug/Libraries/STM32F4xx_StdPeriph_Driver/src/stm32f4xx_cryp_tdes.o
                                                  Debug/Libraries/STM32F4xx_StdPeriph_Driver/src/stm32f4xx_cryp_des.o
                                                  Debug/Libraries/STM32F4xx_StdPeriph_Driver/src/stm32f4xx_cryp_aes.o
CRYP_PhaseConfig                                  Debug/Libraries/STM32F4xx_StdPeriph_Driver/src/stm32f4xx_cryp.o
                                                  Debug/Libraries/STM32F4xx_StdPeriph_Driver/src/stm32f4xx_cryp_aes.o
CRYP_RestoreContext                               Debug/Libraries/STM32F4xx_StdPeriph_Driver/src/stm32f4xx_cryp.o
CRYP_SaveContext                                  Debug/Libraries/STM32F4xx_StdPeriph_Driver/src/stm32f4xx_cryp.o
CRYP_StructInit                                   Debug/Libraries/STM32F4xx_StdPeriph_Driver/src/stm32f4xx_cryp.o
CRYP_TDES_CBC                                     Debug/Libraries/STM32F4xx_StdPeriph_Driver/src/stm32f4xx_cryp_tdes.o
CRYP_TDES_ECB                                     Debug/Libraries/STM32F4xx_StdPeriph_Driver/src/stm32f4xx_cryp_tdes.o
DAC_ClearFlag                                     Debug/Libraries/STM32F4xx_StdPeriph_Driver/src/stm32f4xx_dac.o
DAC_ClearITPendingBit                             Debug/Libraries/STM32F4xx_StdPeriph_Driver/src/stm32f4xx_dac.o
DAC_Cmd                                           Debug/Libraries/STM32F4xx_StdPeriph_Driver/src/stm32f4xx_dac.o
DAC_DMACmd                                        Debug/Libraries/STM32F4xx_StdPeriph_Driver/src/stm32f4xx_dac.o
DAC_DeInit                                        Debug/Libraries/STM32F4xx_StdPeriph_Driver/src/stm32f4xx_dac.o
DAC_DualSoftwareTriggerCmd                        Debug/Libraries/STM32F4xx_StdPeriph_Driver/src/stm32f4xx_dac.o
DAC_GetDataOutputValue                            Debug/Libraries/STM32F4xx_StdPeriph_Driver/src/stm32f4xx_dac.o
DAC_GetFlagStatus                                 Debug/Libraries/STM32F4xx_StdPeriph_Driver/src/stm32f4xx_dac.o
DAC_GetITStatus                                   Debug/Libraries/STM32F4xx_StdPeriph_Driver/src/stm32f4xx_dac.o
DAC_ITConfig                                      Debug/Libraries/STM32F4xx_StdPeriph_Driver/src/stm32f4xx_dac.o
DAC_Init                                          Debug/Libraries/STM32F4xx_StdPeriph_Driver/src/stm32f4xx_dac.o
DAC_SetChannel1Data                               Debug/Libraries/STM32F4xx_StdPeriph_Driver/src/stm32f4xx_dac.o
DAC_SetChannel2Data                               Debug/Libraries/STM32F4xx_StdPeriph_Driver/src/stm32f4xx_dac.o
DAC_SetDualChannelData                            Debug/Libraries/STM32F4xx_StdPeriph_Driver/src/stm32f4xx_dac.o
DAC_SoftwareTriggerCmd                            Debug/Libraries/STM32F4xx_StdPeriph_Driver/src/stm32f4xx_dac.o
DAC_StructInit                                    Debug/Libraries/STM32F4xx_StdPeriph_Driver/src/stm32f4xx_dac.o
DAC_WaveGenerationCmd                             Debug/Libraries/STM32F4xx_StdPeriph_Driver/src/stm32f4xx_dac.o
DBGMCU_APB1PeriphConfig                           Debug/Libraries/STM32F4xx_StdPeriph_Driver/src/stm32f4xx_dbgmcu.o
DBGMCU_APB2PeriphConfig                           Debug/Libraries/STM32F4xx_StdPeriph_Driver/src/stm32f4xx_dbgmcu.o
DBGMCU_Config                                     Debug/Libraries/STM32F4xx_StdPeriph_Driver/src/stm32f4xx_dbgmcu.o
DBGMCU_GetDEVID                                   Debug/Libraries/STM32F4xx_StdPeriph_Driver/src/stm32f4xx_dbgmcu.o
DBGMCU_GetREVID                                   Debug/Libraries/STM32F4xx_StdPeriph_Driver/src/stm32f4xx_dbgmcu.o
DCMI_CROPCmd                                      Debug/Libraries/STM32F4xx_StdPeriph_Driver/src/stm32f4xx_dcmi.o
DCMI_CROPConfig                                   Debug/Libraries/STM32F4xx_StdPeriph_Driver/src/stm32f4xx_dcmi.o
DCMI_CaptureCmd                                   Debug/Libraries/STM32F4xx_StdPeriph_Driver/src/stm32f4xx_dcmi.o
DCMI_ClearFlag                                    Debug/Libraries/STM32F4xx_StdPeriph_Driver/src/stm32f4xx_dcmi.o
DCMI_ClearITPendingBit                            Debug/Libraries/STM32F4xx_StdPeriph_Driver/src/stm32f4xx_dcmi.o
DCMI_Cmd                                          Debug/Libraries/STM32F4xx_StdPeriph_Driver/src/stm32f4xx_dcmi.o
DCMI_DeInit                                       Debug/Libraries/STM32F4xx_StdPeriph_Driver/src/stm32f4xx_dcmi.o
DCMI_GetFlagStatus                                Debug/Libraries/STM32F4xx_StdPeriph_Driver/src/stm32f4xx_dcmi.o
DCMI_GetITStatus                                  Debug/Libraries/STM32F4xx_StdPeriph_Driver/src/stm32f4xx_dcmi.o
DCMI_IRQHandler                                   Debug/src/startup_stm32f40xx.o
DCMI_ITConfig                                     Debug/Libraries/STM32F4xx_StdPeriph_Driver/src/stm32f4xx_dcmi.o
DCMI_Init                                         Debug/Libraries/STM32F4xx_StdPeriph_Driver/src/stm32f4xx_dcmi.o
DCMI_JPEGCmd                                      Debug/Libraries/STM32F4xx_StdPeriph_Driver/src/stm32f4xx_dcmi.o
DCMI_ReadData                                     Debug/Libraries/STM32F4xx_StdPeriph_Driver/src/stm32f4xx_dcmi.o
DCMI_SetEmbeddedSynchroCodes                      Debug/Libraries/STM32F4xx_StdPeriph_Driver/src/stm32f4xx_dcmi.o
DCMI_StructInit                                   Debug/Libraries/STM32F4xx_StdPeriph_Driver/src/stm32f4xx_dcmi.o
DMA1_Stream0_IRQHandler                           Debug/src/startup_stm32f40xx.o
DMA1_Stream1_IRQHandler                           Debug/src/startup_stm32f40xx.o
DMA1_Stream2_IRQHandler                           Debug/src/startup_stm32f40xx.o
DMA1_Stream3_IRQHandler                           Debug/src/startup_stm32f40xx.o
DMA1_Stream4_IRQHandler                           Debug/src/startup_stm32f40xx.o
DMA1_Stream5_IRQHandler                           Debug/src/startup_stm32f40xx.o
DMA1_Stream6_IRQHandler                           Debug/src/startup_stm32f40xx.o
DMA1_Stream7_IRQHandler                           Debug/src/startup_stm32f40xx.o
DMA2_Stream0_IRQHandler                           Debug/src/startup_stm32f40xx.o
DMA2_Stream1_IRQHandler                           Debug/src/startup_stm32f40xx.o
DMA2_Stream2_IRQHandler                           Debug/src/startup_stm32f40xx.o
DMA2_Stream3_IRQHandler                           Debug/src/startup_stm32f40xx.o
DMA2_Stream4_IRQHandler                           Debug/src/startup_stm32f40xx.o
DMA2_Stream5_IRQHandler                           Debug/Libraries/Device/STM32F4xx/Include/stm32_ub_vga_screen.o
DMA2_Stream6_IRQHandler                           Debug/src/startup_stm32f40xx.o
DMA2_Stream7_IRQHandler                           Debug/src/startup_stm32f40xx.o
DMA_ClearFlag                                     Debug/Libraries/STM32F4xx_StdPeriph_Driver/src/stm32f4xx_dma.o
DMA_ClearITPendingBit                             Debug/Libraries/STM32F4xx_StdPeriph_Driver/src/stm32f4xx_dma.o
                                                  Debug/Libraries/Device/STM32F4xx/Include/stm32_ub_vga_screen.o
DMA_Cmd                                           Debug/Libraries/STM32F4xx_StdPeriph_Driver/src/stm32f4xx_dma.o
                                                  Debug/Libraries/Device/STM32F4xx/Include/stm32_ub_vga_screen.o
DMA_DeInit                                        Debug/Libraries/STM32F4xx_StdPeriph_Driver/src/stm32f4xx_dma.o
                                                  Debug/Libraries/Device/STM32F4xx/Include/stm32_ub_vga_screen.o
DMA_DoubleBufferModeCmd                           Debug/Libraries/STM32F4xx_StdPeriph_Driver/src/stm32f4xx_dma.o
DMA_DoubleBufferModeConfig                        Debug/Libraries/STM32F4xx_StdPeriph_Driver/src/stm32f4xx_dma.o
DMA_FlowControllerConfig                          Debug/Libraries/STM32F4xx_StdPeriph_Driver/src/stm32f4xx_dma.o
DMA_GetCmdStatus                                  Debug/Libraries/STM32F4xx_StdPeriph_Driver/src/stm32f4xx_dma.o
DMA_GetCurrDataCounter                            Debug/Libraries/STM32F4xx_StdPeriph_Driver/src/stm32f4xx_dma.o
DMA_GetCurrentMemoryTarget                        Debug/Libraries/STM32F4xx_StdPeriph_Driver/src/stm32f4xx_dma.o
DMA_GetFIFOStatus                                 Debug/Libraries/STM32F4xx_StdPeriph_Driver/src/stm32f4xx_dma.o
DMA_GetFlagStatus                                 Debug/Libraries/STM32F4xx_StdPeriph_Driver/src/stm32f4xx_dma.o
DMA_GetITStatus                                   Debug/Libraries/STM32F4xx_StdPeriph_Driver/src/stm32f4xx_dma.o
                                                  Debug/Libraries/Device/STM32F4xx/Include/stm32_ub_vga_screen.o
DMA_ITConfig                                      Debug/Libraries/STM32F4xx_StdPeriph_Driver/src/stm32f4xx_dma.o
                                                  Debug/Libraries/Device/STM32F4xx/Include/stm32_ub_vga_screen.o
DMA_Init                                          Debug/Libraries/STM32F4xx_StdPeriph_Driver/src/stm32f4xx_dma.o
                                                  Debug/Libraries/Device/STM32F4xx/Include/stm32_ub_vga_screen.o
DMA_MemoryTargetConfig                            Debug/Libraries/STM32F4xx_StdPeriph_Driver/src/stm32f4xx_dma.o
DMA_PeriphIncOffsetSizeConfig                     Debug/Libraries/STM32F4xx_StdPeriph_Driver/src/stm32f4xx_dma.o
DMA_SetCurrDataCounter                            Debug/Libraries/STM32F4xx_StdPeriph_Driver/src/stm32f4xx_dma.o
DMA_StructInit                                    Debug/Libraries/STM32F4xx_StdPeriph_Driver/src/stm32f4xx_dma.o
DebugMon_Handler                                  Debug/src/stm32f4xx_it.o
Default_Handler                                   Debug/src/startup_stm32f40xx.o
ETH_IRQHandler                                    Debug/src/startup_stm32f40xx.o
ETH_WKUP_IRQHandler                               Debug/src/startup_stm32f40xx.o
EXTI0_IRQHandler                                  Debug/src/startup_stm32f40xx.o
EXTI15_10_IRQHandler                              Debug/src/startup_stm32f40xx.o
EXTI1_IRQHandler                                  Debug/src/startup_stm32f40xx.o
EXTI2_IRQHandler                                  Debug/src/startup_stm32f40xx.o
EXTI3_IRQHandler                                  Debug/src/startup_stm32f40xx.o
EXTI4_IRQHandler                                  Debug/src/startup_stm32f40xx.o
EXTI9_5_IRQHandler                                Debug/src/startup_stm32f40xx.o
EXTI_ClearFlag                                    Debug/Libraries/STM32F4xx_StdPeriph_Driver/src/stm32f4xx_exti.o
EXTI_ClearITPendingBit                            Debug/Libraries/STM32F4xx_StdPeriph_Driver/src/stm32f4xx_exti.o
EXTI_DeInit                                       Debug/Libraries/STM32F4xx_StdPeriph_Driver/src/stm32f4xx_exti.o
EXTI_GenerateSWInterrupt                          Debug/Libraries/STM32F4xx_StdPeriph_Driver/src/stm32f4xx_exti.o
EXTI_GetFlagStatus                                Debug/Libraries/STM32F4xx_StdPeriph_Driver/src/stm32f4xx_exti.o
EXTI_GetITStatus                                  Debug/Libraries/STM32F4xx_StdPeriph_Driver/src/stm32f4xx_exti.o
EXTI_Init                                         Debug/Libraries/STM32F4xx_StdPeriph_Driver/src/stm32f4xx_exti.o
EXTI_StructInit                                   Debug/Libraries/STM32F4xx_StdPeriph_Driver/src/stm32f4xx_exti.o
FLASH_ClearFlag                                   Debug/Libraries/STM32F4xx_StdPeriph_Driver/src/stm32f4xx_flash.o
FLASH_DataCacheCmd                                Debug/Libraries/STM32F4xx_StdPeriph_Driver/src/stm32f4xx_flash.o
FLASH_DataCacheReset                              Debug/Libraries/STM32F4xx_StdPeriph_Driver/src/stm32f4xx_flash.o
FLASH_EraseAllSectors                             Debug/Libraries/STM32F4xx_StdPeriph_Driver/src/stm32f4xx_flash.o
FLASH_EraseSector                                 Debug/Libraries/STM32F4xx_StdPeriph_Driver/src/stm32f4xx_flash.o
FLASH_GetFlagStatus                               Debug/Libraries/STM32F4xx_StdPeriph_Driver/src/stm32f4xx_flash.o
FLASH_GetStatus                                   Debug/Libraries/STM32F4xx_StdPeriph_Driver/src/stm32f4xx_flash.o
FLASH_IRQHandler                                  Debug/src/startup_stm32f40xx.o
FLASH_ITConfig                                    Debug/Libraries/STM32F4xx_StdPeriph_Driver/src/stm32f4xx_flash.o
FLASH_InstructionCacheCmd                         Debug/Libraries/STM32F4xx_StdPeriph_Driver/src/stm32f4xx_flash.o
FLASH_InstructionCacheReset                       Debug/Libraries/STM32F4xx_StdPeriph_Driver/src/stm32f4xx_flash.o
FLASH_Lock                                        Debug/Libraries/STM32F4xx_StdPeriph_Driver/src/stm32f4xx_flash.o
FLASH_OB_BORConfig                                Debug/Libraries/STM32F4xx_StdPeriph_Driver/src/stm32f4xx_flash.o
FLASH_OB_GetBOR                                   Debug/Libraries/STM32F4xx_StdPeriph_Driver/src/stm32f4xx_flash.o
FLASH_OB_GetRDP                                   Debug/Libraries/STM32F4xx_StdPeriph_Driver/src/stm32f4xx_flash.o
FLASH_OB_GetUser                                  Debug/Libraries/STM32F4xx_StdPeriph_Driver/src/stm32f4xx_flash.o
FLASH_OB_GetWRP                                   Debug/Libraries/STM32F4xx_StdPeriph_Driver/src/stm32f4xx_flash.o
FLASH_OB_GetWRP1                                  Debug/Libraries/STM32F4xx_StdPeriph_Driver/src/stm32f4xx_flash.o
FLASH_OB_Launch                                   Debug/Libraries/STM32F4xx_StdPeriph_Driver/src/stm32f4xx_flash.o
FLASH_OB_Lock                                     Debug/Libraries/STM32F4xx_StdPeriph_Driver/src/stm32f4xx_flash.o
FLASH_OB_RDPConfig                                Debug/Libraries/STM32F4xx_StdPeriph_Driver/src/stm32f4xx_flash.o
FLASH_OB_Unlock                                   Debug/Libraries/STM32F4xx_StdPeriph_Driver/src/stm32f4xx_flash.o
FLASH_OB_UserConfig                               Debug/Libraries/STM32F4xx_StdPeriph_Driver/src/stm32f4xx_flash.o
FLASH_OB_WRP1Config                               Debug/Libraries/STM32F4xx_StdPeriph_Driver/src/stm32f4xx_flash.o
FLASH_OB_WRPConfig                                Debug/Libraries/STM32F4xx_StdPeriph_Driver/src/stm32f4xx_flash.o
FLASH_PrefetchBufferCmd                           Debug/Libraries/STM32F4xx_StdPeriph_Driver/src/stm32f4xx_flash.o
FLASH_ProgramByte                                 Debug/Libraries/STM32F4xx_StdPeriph_Driver/src/stm32f4xx_flash.o
FLASH_ProgramDoubleWord                           Debug/Libraries/STM32F4xx_StdPeriph_Driver/src/stm32f4xx_flash.o
FLASH_ProgramHalfWord                             Debug/Libraries/STM32F4xx_StdPeriph_Driver/src/stm32f4xx_flash.o
FLASH_ProgramWord                                 Debug/Libraries/STM32F4xx_StdPeriph_Driver/src/stm32f4xx_flash.o
FLASH_SetLatency                                  Debug/Libraries/STM32F4xx_StdPeriph_Driver/src/stm32f4xx_flash.o
FLASH_Unlock                                      Debug/Libraries/STM32F4xx_StdPeriph_Driver/src/stm32f4xx_flash.o
FLASH_WaitForLastOperation                        Debug/Libraries/STM32F4xx_StdPeriph_Driver/src/stm32f4xx_flash.o
FPU_IRQHandler                                    Debug/src/startup_stm32f40xx.o
FSMC_ClearFlag                                    Debug/Libraries/STM32F4xx_StdPeriph_Driver/src/stm32f4xx_fsmc.o
FSMC_ClearITPendingBit                            Debug/Libraries/STM32F4xx_StdPeriph_Driver/src/stm32f4xx_fsmc.o
FSMC_GetECC                                       Debug/Libraries/STM32F4xx_StdPeriph_Driver/src/stm32f4xx_fsmc.o
FSMC_GetFlagStatus                                Debug/Libraries/STM32F4xx_StdPeriph_Driver/src/stm32f4xx_fsmc.o
FSMC_GetITStatus                                  Debug/Libraries/STM32F4xx_StdPeriph_Driver/src/stm32f4xx_fsmc.o
FSMC_IRQHandler                                   Debug/src/startup_stm32f40xx.o
FSMC_ITConfig                                     Debug/Libraries/STM32F4xx_StdPeriph_Driver/src/stm32f4xx_fsmc.o
FSMC_NANDCmd                                      Debug/Libraries/STM32F4xx_StdPeriph_Driver/src/stm32f4xx_fsmc.o
FSMC_NANDDeInit                                   Debug/Libraries/STM32F4xx_StdPeriph_Driver/src/stm32f4xx_fsmc.o
FSMC_NANDECCCmd                                   Debug/Libraries/STM32F4xx_StdPeriph_Driver/src/stm32f4xx_fsmc.o
FSMC_NANDInit                                     Debug/Libraries/STM32F4xx_StdPeriph_Driver/src/stm32f4xx_fsmc.o
FSMC_NANDStructInit                               Debug/Libraries/STM32F4xx_StdPeriph_Driver/src/stm32f4xx_fsmc.o
FSMC_NORSRAMCmd                                   Debug/Libraries/STM32F4xx_StdPeriph_Driver/src/stm32f4xx_fsmc.o
FSMC_NORSRAMDeInit                                Debug/Libraries/STM32F4xx_StdPeriph_Driver/src/stm32f4xx_fsmc.o
FSMC_NORSRAMInit                                  Debug/Libraries/STM32F4xx_StdPeriph_Driver/src/stm32f4xx_fsmc.o
FSMC_NORSRAMStructInit                            Debug/Libraries/STM32F4xx_StdPeriph_Driver/src/stm32f4xx_fsmc.o
FSMC_PCCARDCmd                                    Debug/Libraries/STM32F4xx_StdPeriph_Driver/src/stm32f4xx_fsmc.o
FSMC_PCCARDDeInit                                 Debug/Libraries/STM32F4xx_StdPeriph_Driver/src/stm32f4xx_fsmc.o
FSMC_PCCARDInit                                   Debug/Libraries/STM32F4xx_StdPeriph_Driver/src/stm32f4xx_fsmc.o
FSMC_PCCARDStructInit                             Debug/Libraries/STM32F4xx_StdPeriph_Driver/src/stm32f4xx_fsmc.o
GPIO_DeInit                                       Debug/Libraries/STM32F4xx_StdPeriph_Driver/src/stm32f4xx_gpio.o
GPIO_Init                                         Debug/Libraries/STM32F4xx_StdPeriph_Driver/src/stm32f4xx_gpio.o
                                                  Debug/Libraries/Device/STM32F4xx/Include/stm32_ub_vga_screen.o
GPIO_PinAFConfig                                  Debug/Libraries/STM32F4xx_StdPeriph_Driver/src/stm32f4xx_gpio.o
                                                  Debug/Libraries/Device/STM32F4xx/Include/stm32_ub_vga_screen.o
GPIO_PinLockConfig                                Debug/Libraries/STM32F4xx_StdPeriph_Driver/src/stm32f4xx_gpio.o
GPIO_ReadInputData                                Debug/Libraries/STM32F4xx_StdPeriph_Driver/src/stm32f4xx_gpio.o
GPIO_ReadInputDataBit                             Debug/Libraries/STM32F4xx_StdPeriph_Driver/src/stm32f4xx_gpio.o
GPIO_ReadOutputData                               Debug/Libraries/STM32F4xx_StdPeriph_Driver/src/stm32f4xx_gpio.o
GPIO_ReadOutputDataBit                            Debug/Libraries/STM32F4xx_StdPeriph_Driver/src/stm32f4xx_gpio.o
GPIO_ResetBits                                    Debug/Libraries/STM32F4xx_StdPeriph_Driver/src/stm32f4xx_gpio.o
GPIO_SetBits                                      Debug/Libraries/STM32F4xx_StdPeriph_Driver/src/stm32f4xx_gpio.o
GPIO_StructInit                                   Debug/Libraries/STM32F4xx_StdPeriph_Driver/src/stm32f4xx_gpio.o
GPIO_ToggleBits                                   Debug/Libraries/STM32F4xx_StdPeriph_Driver/src/stm32f4xx_gpio.o
GPIO_Write                                        Debug/Libraries/STM32F4xx_StdPeriph_Driver/src/stm32f4xx_gpio.o
GPIO_WriteBit                                     Debug/Libraries/STM32F4xx_StdPeriph_Driver/src/stm32f4xx_gpio.o
HASH_AutoStartDigest                              Debug/Libraries/STM32F4xx_StdPeriph_Driver/src/stm32f4xx_hash.o
HASH_ClearFlag                                    Debug/Libraries/STM32F4xx_StdPeriph_Driver/src/stm32f4xx_hash.o
HASH_ClearITPendingBit                            Debug/Libraries/STM32F4xx_StdPeriph_Driver/src/stm32f4xx_hash.o
HASH_DMACmd                                       Debug/Libraries/STM32F4xx_StdPeriph_Driver/src/stm32f4xx_hash.o
HASH_DataIn                                       Debug/Libraries/STM32F4xx_StdPeriph_Driver/src/stm32f4xx_hash.o
                                                  Debug/Libraries/STM32F4xx_StdPeriph_Driver/src/stm32f4xx_hash_sha1.o
                                                  Debug/Libraries/STM32F4xx_StdPeriph_Driver/src/stm32f4xx_hash_md5.o
HASH_DeInit                                       Debug/Libraries/STM32F4xx_StdPeriph_Driver/src/stm32f4xx_hash.o
                                                  Debug/Libraries/STM32F4xx_StdPeriph_Driver/src/stm32f4xx_hash_sha1.o
                                                  Debug/Libraries/STM32F4xx_StdPeriph_Driver/src/stm32f4xx_hash_md5.o
HASH_GetDigest                                    Debug/Libraries/STM32F4xx_StdPeriph_Driver/src/stm32f4xx_hash.o
                                                  Debug/Libraries/STM32F4xx_StdPeriph_Driver/src/stm32f4xx_hash_sha1.o
                                                  Debug/Libraries/STM32F4xx_StdPeriph_Driver/src/stm32f4xx_hash_md5.o
HASH_GetFlagStatus                                Debug/Libraries/STM32F4xx_StdPeriph_Driver/src/stm32f4xx_hash.o
                                                  Debug/Libraries/STM32F4xx_StdPeriph_Driver/src/stm32f4xx_hash_sha1.o
                                                  Debug/Libraries/STM32F4xx_StdPeriph_Driver/src/stm32f4xx_hash_md5.o
HASH_GetITStatus                                  Debug/Libraries/STM32F4xx_StdPeriph_Driver/src/stm32f4xx_hash.o
HASH_GetInFIFOWordsNbr                            Debug/Libraries/STM32F4xx_StdPeriph_Driver/src/stm32f4xx_hash.o
HASH_ITConfig                                     Debug/Libraries/STM32F4xx_StdPeriph_Driver/src/stm32f4xx_hash.o
HASH_Init                                         Debug/Libraries/STM32F4xx_StdPeriph_Driver/src/stm32f4xx_hash.o
                                                  Debug/Libraries/STM32F4xx_StdPeriph_Driver/src/stm32f4xx_hash_sha1.o
                                                  Debug/Libraries/STM32F4xx_StdPeriph_Driver/src/stm32f4xx_hash_md5.o
HASH_MD5                                          Debug/Libraries/STM32F4xx_StdPeriph_Driver/src/stm32f4xx_hash_md5.o
HASH_RNG_IRQHandler                               Debug/src/startup_stm32f40xx.o
HASH_Reset                                        Debug/Libraries/STM32F4xx_StdPeriph_Driver/src/stm32f4xx_hash.o
HASH_RestoreContext                               Debug/Libraries/STM32F4xx_StdPeriph_Driver/src/stm32f4xx_hash.o
HASH_SHA1                                         Debug/Libraries/STM32F4xx_StdPeriph_Driver/src/stm32f4xx_hash_sha1.o
HASH_SaveContext                                  Debug/Libraries/STM32F4xx_StdPeriph_Driver/src/stm32f4xx_hash.o
HASH_SetLastWordValidBitsNbr                      Debug/Libraries/STM32F4xx_StdPeriph_Driver/src/stm32f4xx_hash.o
                                                  Debug/Libraries/STM32F4xx_StdPeriph_Driver/src/stm32f4xx_hash_sha1.o
                                                  Debug/Libraries/STM32F4xx_StdPeriph_Driver/src/stm32f4xx_hash_md5.o
HASH_StartDigest                                  Debug/Libraries/STM32F4xx_StdPeriph_Driver/src/stm32f4xx_hash.o
                                                  Debug/Libraries/STM32F4xx_StdPeriph_Driver/src/stm32f4xx_hash_sha1.o
                                                  Debug/Libraries/STM32F4xx_StdPeriph_Driver/src/stm32f4xx_hash_md5.o
HASH_StructInit                                   Debug/Libraries/STM32F4xx_StdPeriph_Driver/src/stm32f4xx_hash.o
HMAC_MD5                                          Debug/Libraries/STM32F4xx_StdPeriph_Driver/src/stm32f4xx_hash_md5.o
HMAC_SHA1                                         Debug/Libraries/STM32F4xx_StdPeriph_Driver/src/stm32f4xx_hash_sha1.o
HardFault_Handler                                 Debug/src/stm32f4xx_it.o
I2C1_ER_IRQHandler                                Debug/src/startup_stm32f40xx.o
I2C1_EV_IRQHandler                                Debug/src/startup_stm32f40xx.o
I2C2_ER_IRQHandler                                Debug/src/startup_stm32f40xx.o
I2C2_EV_IRQHandler                                Debug/src/startup_stm32f40xx.o
I2C3_ER_IRQHandler                                Debug/src/startup_stm32f40xx.o
I2C3_EV_IRQHandler                                Debug/src/startup_stm32f40xx.o
I2C_ARPCmd                                        Debug/Libraries/STM32F4xx_StdPeriph_Driver/src/stm32f4xx_i2c.o
I2C_AcknowledgeConfig                             Debug/Libraries/STM32F4xx_StdPeriph_Driver/src/stm32f4xx_i2c.o
I2C_AnalogFilterCmd                               Debug/Libraries/STM32F4xx_StdPeriph_Driver/src/stm32f4xx_i2c.o
I2C_CalculatePEC                                  Debug/Libraries/STM32F4xx_StdPeriph_Driver/src/stm32f4xx_i2c.o
I2C_CheckEvent                                    Debug/Libraries/STM32F4xx_StdPeriph_Driver/src/stm32f4xx_i2c.o
I2C_ClearFlag                                     Debug/Libraries/STM32F4xx_StdPeriph_Driver/src/stm32f4xx_i2c.o
I2C_ClearITPendingBit                             Debug/Libraries/STM32F4xx_StdPeriph_Driver/src/stm32f4xx_i2c.o
I2C_Cmd                                           Debug/Libraries/STM32F4xx_StdPeriph_Driver/src/stm32f4xx_i2c.o
I2C_DMACmd                                        Debug/Libraries/STM32F4xx_StdPeriph_Driver/src/stm32f4xx_i2c.o
I2C_DMALastTransferCmd                            Debug/Libraries/STM32F4xx_StdPeriph_Driver/src/stm32f4xx_i2c.o
I2C_DeInit                                        Debug/Libraries/STM32F4xx_StdPeriph_Driver/src/stm32f4xx_i2c.o
I2C_DigitalFilterConfig                           Debug/Libraries/STM32F4xx_StdPeriph_Driver/src/stm32f4xx_i2c.o
I2C_DualAddressCmd                                Debug/Libraries/STM32F4xx_StdPeriph_Driver/src/stm32f4xx_i2c.o
I2C_FastModeDutyCycleConfig                       Debug/Libraries/STM32F4xx_StdPeriph_Driver/src/stm32f4xx_i2c.o
I2C_GeneralCallCmd                                Debug/Libraries/STM32F4xx_StdPeriph_Driver/src/stm32f4xx_i2c.o
I2C_GenerateSTART                                 Debug/Libraries/STM32F4xx_StdPeriph_Driver/src/stm32f4xx_i2c.o
I2C_GenerateSTOP                                  Debug/Libraries/STM32F4xx_StdPeriph_Driver/src/stm32f4xx_i2c.o
I2C_GetFlagStatus                                 Debug/Libraries/STM32F4xx_StdPeriph_Driver/src/stm32f4xx_i2c.o
I2C_GetITStatus                                   Debug/Libraries/STM32F4xx_StdPeriph_Driver/src/stm32f4xx_i2c.o
I2C_GetLastEvent                                  Debug/Libraries/STM32F4xx_StdPeriph_Driver/src/stm32f4xx_i2c.o
I2C_GetPEC                                        Debug/Libraries/STM32F4xx_StdPeriph_Driver/src/stm32f4xx_i2c.o
I2C_ITConfig                                      Debug/Libraries/STM32F4xx_StdPeriph_Driver/src/stm32f4xx_i2c.o
I2C_Init                                          Debug/Libraries/STM32F4xx_StdPeriph_Driver/src/stm32f4xx_i2c.o
I2C_NACKPositionConfig                            Debug/Libraries/STM32F4xx_StdPeriph_Driver/src/stm32f4xx_i2c.o
I2C_OwnAddress2Config                             Debug/Libraries/STM32F4xx_StdPeriph_Driver/src/stm32f4xx_i2c.o
I2C_PECPositionConfig                             Debug/Libraries/STM32F4xx_StdPeriph_Driver/src/stm32f4xx_i2c.o
I2C_ReadRegister                                  Debug/Libraries/STM32F4xx_StdPeriph_Driver/src/stm32f4xx_i2c.o
I2C_ReceiveData                                   Debug/Libraries/STM32F4xx_StdPeriph_Driver/src/stm32f4xx_i2c.o
I2C_SMBusAlertConfig                              Debug/Libraries/STM32F4xx_StdPeriph_Driver/src/stm32f4xx_i2c.o
I2C_Send7bitAddress                               Debug/Libraries/STM32F4xx_StdPeriph_Driver/src/stm32f4xx_i2c.o
I2C_SendData                                      Debug/Libraries/STM32F4xx_StdPeriph_Driver/src/stm32f4xx_i2c.o
I2C_SoftwareResetCmd                              Debug/Libraries/STM32F4xx_StdPeriph_Driver/src/stm32f4xx_i2c.o
I2C_StretchClockCmd                               Debug/Libraries/STM32F4xx_StdPeriph_Driver/src/stm32f4xx_i2c.o
I2C_StructInit                                    Debug/Libraries/STM32F4xx_StdPeriph_Driver/src/stm32f4xx_i2c.o
I2C_TransmitPEC                                   Debug/Libraries/STM32F4xx_StdPeriph_Driver/src/stm32f4xx_i2c.o
I2S_Cmd                                           Debug/Libraries/STM32F4xx_StdPeriph_Driver/src/stm32f4xx_spi.o
I2S_FullDuplexConfig                              Debug/Libraries/STM32F4xx_StdPeriph_Driver/src/stm32f4xx_spi.o
I2S_Init                                          Debug/Libraries/STM32F4xx_StdPeriph_Driver/src/stm32f4xx_spi.o
I2S_StructInit                                    Debug/Libraries/STM32F4xx_StdPeriph_Driver/src/stm32f4xx_spi.o
IWDG_Enable                                       Debug/Libraries/STM32F4xx_StdPeriph_Driver/src/stm32f4xx_iwdg.o
IWDG_GetFlagStatus                                Debug/Libraries/STM32F4xx_StdPeriph_Driver/src/stm32f4xx_iwdg.o
IWDG_ReloadCounter                                Debug/Libraries/STM32F4xx_StdPeriph_Driver/src/stm32f4xx_iwdg.o
IWDG_SetPrescaler                                 Debug/Libraries/STM32F4xx_StdPeriph_Driver/src/stm32f4xx_iwdg.o
IWDG_SetReload                                    Debug/Libraries/STM32F4xx_StdPeriph_Driver/src/stm32f4xx_iwdg.o
IWDG_WriteAccessCmd                               Debug/Libraries/STM32F4xx_StdPeriph_Driver/src/stm32f4xx_iwdg.o
MemManage_Handler                                 Debug/src/stm32f4xx_it.o
NMI_Handler                                       Debug/src/stm32f4xx_it.o
NVIC_Init                                         Debug/Libraries/STM32F4xx_StdPeriph_Driver/src/misc.o
                                                  Debug/Libraries/Device/STM32F4xx/Include/stm32_ub_vga_screen.o
NVIC_PriorityGroupConfig                          Debug/Libraries/STM32F4xx_StdPeriph_Driver/src/misc.o
NVIC_SetVectorTable                               Debug/Libraries/STM32F4xx_StdPeriph_Driver/src/misc.o
NVIC_SystemLPConfig                               Debug/Libraries/STM32F4xx_StdPeriph_Driver/src/misc.o
OTG_FS_IRQHandler                                 Debug/src/startup_stm32f40xx.o
OTG_FS_WKUP_IRQHandler                            Debug/src/startup_stm32f40xx.o
OTG_HS_EP1_IN_IRQHandler                          Debug/src/startup_stm32f40xx.o
OTG_HS_EP1_OUT_IRQHandler                         Debug/src/startup_stm32f40xx.o
OTG_HS_IRQHandler                                 Debug/src/startup_stm32f40xx.o
OTG_HS_WKUP_IRQHandler                            Debug/src/startup_stm32f40xx.o
PVD_IRQHandler                                    Debug/src/startup_stm32f40xx.o
PWR_BackupAccessCmd                               Debug/Libraries/STM32F4xx_StdPeriph_Driver/src/stm32f4xx_pwr.o
PWR_BackupRegulatorCmd                            Debug/Libraries/STM32F4xx_StdPeriph_Driver/src/stm32f4xx_pwr.o
PWR_ClearFlag                                     Debug/Libraries/STM32F4xx_StdPeriph_Driver/src/stm32f4xx_pwr.o
PWR_DeInit                                        Debug/Libraries/STM32F4xx_StdPeriph_Driver/src/stm32f4xx_pwr.o
PWR_EnterSTANDBYMode                              Debug/Libraries/STM32F4xx_StdPeriph_Driver/src/stm32f4xx_pwr.o
PWR_EnterSTOPMode                                 Debug/Libraries/STM32F4xx_StdPeriph_Driver/src/stm32f4xx_pwr.o
PWR_FlashPowerDownCmd                             Debug/Libraries/STM32F4xx_StdPeriph_Driver/src/stm32f4xx_pwr.o
PWR_GetFlagStatus                                 Debug/Libraries/STM32F4xx_StdPeriph_Driver/src/stm32f4xx_pwr.o
PWR_MainRegulatorModeConfig                       Debug/Libraries/STM32F4xx_StdPeriph_Driver/src/stm32f4xx_pwr.o
PWR_PVDCmd                                        Debug/Libraries/STM32F4xx_StdPeriph_Driver/src/stm32f4xx_pwr.o
PWR_PVDLevelConfig                                Debug/Libraries/STM32F4xx_StdPeriph_Driver/src/stm32f4xx_pwr.o
PWR_WakeUpPinCmd                                  Debug/Libraries/STM32F4xx_StdPeriph_Driver/src/stm32f4xx_pwr.o
P_VGA_InitDMA                                     Debug/Libraries/Device/STM32F4xx/Include/stm32_ub_vga_screen.o
P_VGA_InitINT                                     Debug/Libraries/Device/STM32F4xx/Include/stm32_ub_vga_screen.o
P_VGA_InitIO                                      Debug/Libraries/Device/STM32F4xx/Include/stm32_ub_vga_screen.o
P_VGA_InitTIM                                     Debug/Libraries/Device/STM32F4xx/Include/stm32_ub_vga_screen.o
PendSV_Handler                                    Debug/src/stm32f4xx_it.o
RCC_AHB1PeriphClockCmd                            Debug/Libraries/STM32F4xx_StdPeriph_Driver/src/stm32f4xx_rcc.o
                                                  Debug/Libraries/Device/STM32F4xx/Include/stm32_ub_vga_screen.o
RCC_AHB1PeriphClockLPModeCmd                      Debug/Libraries/STM32F4xx_StdPeriph_Driver/src/stm32f4xx_rcc.o
RCC_AHB1PeriphResetCmd                            Debug/Libraries/STM32F4xx_StdPeriph_Driver/src/stm32f4xx_rcc.o
                                                  Debug/Libraries/STM32F4xx_StdPeriph_Driver/src/stm32f4xx_gpio.o
RCC_AHB2PeriphClockCmd                            Debug/Libraries/STM32F4xx_StdPeriph_Driver/src/stm32f4xx_rcc.o
RCC_AHB2PeriphClockLPModeCmd                      Debug/Libraries/STM32F4xx_StdPeriph_Driver/src/stm32f4xx_rcc.o
RCC_AHB2PeriphResetCmd                            Debug/Libraries/STM32F4xx_StdPeriph_Driver/src/stm32f4xx_rcc.o
                                                  Debug/Libraries/STM32F4xx_StdPeriph_Driver/src/stm32f4xx_rng.o
                                                  Debug/Libraries/STM32F4xx_StdPeriph_Driver/src/stm32f4xx_hash.o
                                                  Debug/Libraries/STM32F4xx_StdPeriph_Driver/src/stm32f4xx_cryp.o
RCC_AHB3PeriphClockCmd                            Debug/Libraries/STM32F4xx_StdPeriph_Driver/src/stm32f4xx_rcc.o
RCC_AHB3PeriphClockLPModeCmd                      Debug/Libraries/STM32F4xx_StdPeriph_Driver/src/stm32f4xx_rcc.o
RCC_AHB3PeriphResetCmd                            Debug/Libraries/STM32F4xx_StdPeriph_Driver/src/stm32f4xx_rcc.o
RCC_APB1PeriphClockCmd                            Debug/Libraries/STM32F4xx_StdPeriph_Driver/src/stm32f4xx_rcc.o
                                                  Debug/Libraries/Device/STM32F4xx/Include/stm32_ub_vga_screen.o
RCC_APB1PeriphClockLPModeCmd                      Debug/Libraries/STM32F4xx_StdPeriph_Driver/src/stm32f4xx_rcc.o
RCC_APB1PeriphResetCmd                            Debug/Libraries/STM32F4xx_StdPeriph_Driver/src/stm32f4xx_rcc.o
                                                  Debug/Libraries/STM32F4xx_StdPeriph_Driver/src/stm32f4xx_wwdg.o
                                                  Debug/Libraries/STM32F4xx_StdPeriph_Driver/src/stm32f4xx_usart.o
                                                  Debug/Libraries/STM32F4xx_StdPeriph_Driver/src/stm32f4xx_tim.o
                                                  Debug/Libraries/STM32F4xx_StdPeriph_Driver/src/stm32f4xx_spi.o
                                                  Debug/Libraries/STM32F4xx_StdPeriph_Driver/src/stm32f4xx_pwr.o
                                                  Debug/Libraries/STM32F4xx_StdPeriph_Driver/src/stm32f4xx_i2c.o
                                                  Debug/Libraries/STM32F4xx_StdPeriph_Driver/src/stm32f4xx_dac.o
                                                  Debug/Libraries/STM32F4xx_StdPeriph_Driver/src/stm32f4xx_can.o
RCC_APB2PeriphClockCmd                            Debug/Libraries/STM32F4xx_StdPeriph_Driver/src/stm32f4xx_rcc.o
                                                  Debug/Libraries/Device/STM32F4xx/Include/stm32_ub_vga_screen.o
RCC_APB2PeriphClockLPModeCmd                      Debug/Libraries/STM32F4xx_StdPeriph_Driver/src/stm32f4xx_rcc.o
RCC_APB2PeriphResetCmd                            Debug/Libraries/STM32F4xx_StdPeriph_Driver/src/stm32f4xx_rcc.o
                                                  Debug/Libraries/STM32F4xx_StdPeriph_Driver/src/stm32f4xx_usart.o
                                                  Debug/Libraries/STM32F4xx_StdPeriph_Driver/src/stm32f4xx_tim.o
                                                  Debug/Libraries/STM32F4xx_StdPeriph_Driver/src/stm32f4xx_syscfg.o
                                                  Debug/Libraries/STM32F4xx_StdPeriph_Driver/src/stm32f4xx_spi.o
                                                  Debug/Libraries/STM32F4xx_StdPeriph_Driver/src/stm32f4xx_sdio.o
                                                  Debug/Libraries/STM32F4xx_StdPeriph_Driver/src/stm32f4xx_adc.o
RCC_AdjustHSICalibrationValue                     Debug/Libraries/STM32F4xx_StdPeriph_Driver/src/stm32f4xx_rcc.o
RCC_BackupResetCmd                                Debug/Libraries/STM32F4xx_StdPeriph_Driver/src/stm32f4xx_rcc.o
RCC_ClearFlag                                     Debug/Libraries/STM32F4xx_StdPeriph_Driver/src/stm32f4xx_rcc.o
RCC_ClearITPendingBit                             Debug/Libraries/STM32F4xx_StdPeriph_Driver/src/stm32f4xx_rcc.o
RCC_ClockSecuritySystemCmd                        Debug/Libraries/STM32F4xx_StdPeriph_Driver/src/stm32f4xx_rcc.o
RCC_DeInit                                        Debug/Libraries/STM32F4xx_StdPeriph_Driver/src/stm32f4xx_rcc.o
RCC_GetClocksFreq                                 Debug/Libraries/STM32F4xx_StdPeriph_Driver/src/stm32f4xx_rcc.o
                                                  Debug/Libraries/STM32F4xx_StdPeriph_Driver/src/stm32f4xx_usart.o
                                                  Debug/Libraries/STM32F4xx_StdPeriph_Driver/src/stm32f4xx_i2c.o
RCC_GetFlagStatus                                 Debug/Libraries/STM32F4xx_StdPeriph_Driver/src/stm32f4xx_rcc.o
RCC_GetITStatus                                   Debug/Libraries/STM32F4xx_StdPeriph_Driver/src/stm32f4xx_rcc.o
RCC_GetSYSCLKSource                               Debug/Libraries/STM32F4xx_StdPeriph_Driver/src/stm32f4xx_rcc.o
RCC_HCLKConfig                                    Debug/Libraries/STM32F4xx_StdPeriph_Driver/src/stm32f4xx_rcc.o
RCC_HSEConfig                                     Debug/Libraries/STM32F4xx_StdPeriph_Driver/src/stm32f4xx_rcc.o
RCC_HSICmd                                        Debug/Libraries/STM32F4xx_StdPeriph_Driver/src/stm32f4xx_rcc.o
RCC_I2SCLKConfig                                  Debug/Libraries/STM32F4xx_StdPeriph_Driver/src/stm32f4xx_rcc.o
RCC_IRQHandler                                    Debug/src/startup_stm32f40xx.o
RCC_ITConfig                                      Debug/Libraries/STM32F4xx_StdPeriph_Driver/src/stm32f4xx_rcc.o
RCC_LSEConfig                                     Debug/Libraries/STM32F4xx_StdPeriph_Driver/src/stm32f4xx_rcc.o
RCC_LSICmd                                        Debug/Libraries/STM32F4xx_StdPeriph_Driver/src/stm32f4xx_rcc.o
RCC_MCO1Config                                    Debug/Libraries/STM32F4xx_StdPeriph_Driver/src/stm32f4xx_rcc.o
RCC_MCO2Config                                    Debug/Libraries/STM32F4xx_StdPeriph_Driver/src/stm32f4xx_rcc.o
RCC_PCLK1Config                                   Debug/Libraries/STM32F4xx_StdPeriph_Driver/src/stm32f4xx_rcc.o
RCC_PCLK2Config                                   Debug/Libraries/STM32F4xx_StdPeriph_Driver/src/stm32f4xx_rcc.o
RCC_PLLCmd                                        Debug/Libraries/STM32F4xx_StdPeriph_Driver/src/stm32f4xx_rcc.o
RCC_PLLConfig                                     Debug/Libraries/STM32F4xx_StdPeriph_Driver/src/stm32f4xx_rcc.o
RCC_PLLI2SCmd                                     Debug/Libraries/STM32F4xx_StdPeriph_Driver/src/stm32f4xx_rcc.o
RCC_PLLI2SConfig                                  Debug/Libraries/STM32F4xx_StdPeriph_Driver/src/stm32f4xx_rcc.o
RCC_RTCCLKCmd                                     Debug/Libraries/STM32F4xx_StdPeriph_Driver/src/stm32f4xx_rcc.o
RCC_RTCCLKConfig                                  Debug/Libraries/STM32F4xx_StdPeriph_Driver/src/stm32f4xx_rcc.o
RCC_SYSCLKConfig                                  Debug/Libraries/STM32F4xx_StdPeriph_Driver/src/stm32f4xx_rcc.o
RCC_TIMCLKPresConfig                              Debug/Libraries/STM32F4xx_StdPeriph_Driver/src/stm32f4xx_rcc.o
RCC_WaitForHSEStartUp                             Debug/Libraries/STM32F4xx_StdPeriph_Driver/src/stm32f4xx_rcc.o
RNG_ClearFlag                                     Debug/Libraries/STM32F4xx_StdPeriph_Driver/src/stm32f4xx_rng.o
RNG_ClearITPendingBit                             Debug/Libraries/STM32F4xx_StdPeriph_Driver/src/stm32f4xx_rng.o
RNG_Cmd                                           Debug/Libraries/STM32F4xx_StdPeriph_Driver/src/stm32f4xx_rng.o
RNG_DeInit                                        Debug/Libraries/STM32F4xx_StdPeriph_Driver/src/stm32f4xx_rng.o
RNG_GetFlagStatus                                 Debug/Libraries/STM32F4xx_StdPeriph_Driver/src/stm32f4xx_rng.o
RNG_GetITStatus                                   Debug/Libraries/STM32F4xx_StdPeriph_Driver/src/stm32f4xx_rng.o
RNG_GetRandomNumber                               Debug/Libraries/STM32F4xx_StdPeriph_Driver/src/stm32f4xx_rng.o
RNG_ITConfig                                      Debug/Libraries/STM32F4xx_StdPeriph_Driver/src/stm32f4xx_rng.o
RTC_AlarmCmd                                      Debug/Libraries/STM32F4xx_StdPeriph_Driver/src/stm32f4xx_rtc.o
RTC_AlarmStructInit                               Debug/Libraries/STM32F4xx_StdPeriph_Driver/src/stm32f4xx_rtc.o
RTC_AlarmSubSecondConfig                          Debug/Libraries/STM32F4xx_StdPeriph_Driver/src/stm32f4xx_rtc.o
RTC_Alarm_IRQHandler                              Debug/src/startup_stm32f40xx.o
RTC_BypassShadowCmd                               Debug/Libraries/STM32F4xx_StdPeriph_Driver/src/stm32f4xx_rtc.o
RTC_CalibOutputCmd                                Debug/Libraries/STM32F4xx_StdPeriph_Driver/src/stm32f4xx_rtc.o
RTC_CalibOutputConfig                             Debug/Libraries/STM32F4xx_StdPeriph_Driver/src/stm32f4xx_rtc.o
RTC_ClearFlag                                     Debug/Libraries/STM32F4xx_StdPeriph_Driver/src/stm32f4xx_rtc.o
RTC_ClearITPendingBit                             Debug/Libraries/STM32F4xx_StdPeriph_Driver/src/stm32f4xx_rtc.o
RTC_CoarseCalibCmd                                Debug/Libraries/STM32F4xx_StdPeriph_Driver/src/stm32f4xx_rtc.o
RTC_CoarseCalibConfig                             Debug/Libraries/STM32F4xx_StdPeriph_Driver/src/stm32f4xx_rtc.o
RTC_DateStructInit                                Debug/Libraries/STM32F4xx_StdPeriph_Driver/src/stm32f4xx_rtc.o
RTC_DayLightSavingConfig                          Debug/Libraries/STM32F4xx_StdPeriph_Driver/src/stm32f4xx_rtc.o
RTC_DeInit                                        Debug/Libraries/STM32F4xx_StdPeriph_Driver/src/stm32f4xx_rtc.o
RTC_EnterInitMode                                 Debug/Libraries/STM32F4xx_StdPeriph_Driver/src/stm32f4xx_rtc.o
RTC_ExitInitMode                                  Debug/Libraries/STM32F4xx_StdPeriph_Driver/src/stm32f4xx_rtc.o
RTC_GetAlarm                                      Debug/Libraries/STM32F4xx_StdPeriph_Driver/src/stm32f4xx_rtc.o
RTC_GetAlarmSubSecond                             Debug/Libraries/STM32F4xx_StdPeriph_Driver/src/stm32f4xx_rtc.o
RTC_GetDate                                       Debug/Libraries/STM32F4xx_StdPeriph_Driver/src/stm32f4xx_rtc.o
RTC_GetFlagStatus                                 Debug/Libraries/STM32F4xx_StdPeriph_Driver/src/stm32f4xx_rtc.o
RTC_GetITStatus                                   Debug/Libraries/STM32F4xx_StdPeriph_Driver/src/stm32f4xx_rtc.o
RTC_GetStoreOperation                             Debug/Libraries/STM32F4xx_StdPeriph_Driver/src/stm32f4xx_rtc.o
RTC_GetSubSecond                                  Debug/Libraries/STM32F4xx_StdPeriph_Driver/src/stm32f4xx_rtc.o
RTC_GetTime                                       Debug/Libraries/STM32F4xx_StdPeriph_Driver/src/stm32f4xx_rtc.o
RTC_GetTimeStamp                                  Debug/Libraries/STM32F4xx_StdPeriph_Driver/src/stm32f4xx_rtc.o
RTC_GetTimeStampSubSecond                         Debug/Libraries/STM32F4xx_StdPeriph_Driver/src/stm32f4xx_rtc.o
RTC_GetWakeUpCounter                              Debug/Libraries/STM32F4xx_StdPeriph_Driver/src/stm32f4xx_rtc.o
RTC_ITConfig                                      Debug/Libraries/STM32F4xx_StdPeriph_Driver/src/stm32f4xx_rtc.o
RTC_Init                                          Debug/Libraries/STM32F4xx_StdPeriph_Driver/src/stm32f4xx_rtc.o
RTC_OutputConfig                                  Debug/Libraries/STM32F4xx_StdPeriph_Driver/src/stm32f4xx_rtc.o
RTC_OutputTypeConfig                              Debug/Libraries/STM32F4xx_StdPeriph_Driver/src/stm32f4xx_rtc.o
RTC_ReadBackupRegister                            Debug/Libraries/STM32F4xx_StdPeriph_Driver/src/stm32f4xx_rtc.o
RTC_RefClockCmd                                   Debug/Libraries/STM32F4xx_StdPeriph_Driver/src/stm32f4xx_rtc.o
RTC_SetAlarm                                      Debug/Libraries/STM32F4xx_StdPeriph_Driver/src/stm32f4xx_rtc.o
RTC_SetDate                                       Debug/Libraries/STM32F4xx_StdPeriph_Driver/src/stm32f4xx_rtc.o
RTC_SetTime                                       Debug/Libraries/STM32F4xx_StdPeriph_Driver/src/stm32f4xx_rtc.o
RTC_SetWakeUpCounter                              Debug/Libraries/STM32F4xx_StdPeriph_Driver/src/stm32f4xx_rtc.o
RTC_SmoothCalibConfig                             Debug/Libraries/STM32F4xx_StdPeriph_Driver/src/stm32f4xx_rtc.o
RTC_StructInit                                    Debug/Libraries/STM32F4xx_StdPeriph_Driver/src/stm32f4xx_rtc.o
RTC_SynchroShiftConfig                            Debug/Libraries/STM32F4xx_StdPeriph_Driver/src/stm32f4xx_rtc.o
RTC_TamperCmd                                     Debug/Libraries/STM32F4xx_StdPeriph_Driver/src/stm32f4xx_rtc.o
RTC_TamperFilterConfig                            Debug/Libraries/STM32F4xx_StdPeriph_Driver/src/stm32f4xx_rtc.o
RTC_TamperPinSelection                            Debug/Libraries/STM32F4xx_StdPeriph_Driver/src/stm32f4xx_rtc.o
RTC_TamperPinsPrechargeDuration                   Debug/Libraries/STM32F4xx_StdPeriph_Driver/src/stm32f4xx_rtc.o
RTC_TamperPullUpCmd                               Debug/Libraries/STM32F4xx_StdPeriph_Driver/src/stm32f4xx_rtc.o
RTC_TamperSamplingFreqConfig                      Debug/Libraries/STM32F4xx_StdPeriph_Driver/src/stm32f4xx_rtc.o
RTC_TamperTriggerConfig                           Debug/Libraries/STM32F4xx_StdPeriph_Driver/src/stm32f4xx_rtc.o
RTC_TimeStampCmd                                  Debug/Libraries/STM32F4xx_StdPeriph_Driver/src/stm32f4xx_rtc.o
RTC_TimeStampOnTamperDetectionCmd                 Debug/Libraries/STM32F4xx_StdPeriph_Driver/src/stm32f4xx_rtc.o